Component: ARM Compiler 5.06 update 1 (build 61) Tool: armlink [4d35a8]

==============================================================================

Section Cross References

    startup_stm32f10x_hd.o(RESET) refers to startup_stm32f10x_hd.o(STACK) for __initial_sp
    startup_stm32f10x_hd.o(RESET) refers to startup_stm32f10x_hd.o(.text) for Reset_Handler
    startup_stm32f10x_hd.o(RESET) refers to context_rvds.o(.text) for HardFault_Handler
    startup_stm32f10x_hd.o(RESET) refers to board.o(.text) for SysTick_Handler
    startup_stm32f10x_hd.o(RESET) refers to bsp_usart2.o(.text) for USART2_IRQHandler
    startup_stm32f10x_hd.o(RESET) refers to bsp_usart3.o(.text) for USART3_IRQHandler
    startup_stm32f10x_hd.o(.text) refers to system_stm32f10x.o(.text) for SystemInit
    startup_stm32f10x_hd.o(.text) refers to entry.o(.ARM.Collect$$$$00000000) for __main
    system_stm32f10x.o(.text) refers to system_stm32f10x.o(.data) for SystemCoreClock
    stm32f10x_adc.o(.text) refers to stm32f10x_rcc.o(.text) for RCC_APB2PeriphResetCmd
    stm32f10x_bkp.o(.text) refers to stm32f10x_rcc.o(.text) for RCC_BackupResetCmd
    stm32f10x_can.o(.text) refers to stm32f10x_rcc.o(.text) for RCC_APB1PeriphResetCmd
    stm32f10x_cec.o(.text) refers to stm32f10x_rcc.o(.text) for RCC_APB1PeriphResetCmd
    stm32f10x_dac.o(.text) refers to stm32f10x_rcc.o(.text) for RCC_APB1PeriphResetCmd
    stm32f10x_gpio.o(.text) refers to stm32f10x_rcc.o(.text) for RCC_APB2PeriphResetCmd
    stm32f10x_i2c.o(.text) refers to stm32f10x_rcc.o(.text) for RCC_APB1PeriphResetCmd
    stm32f10x_pwr.o(.text) refers to stm32f10x_rcc.o(.text) for RCC_APB1PeriphResetCmd
    stm32f10x_rcc.o(.text) refers to stm32f10x_rcc.o(.data) for APBAHBPrescTable
    stm32f10x_spi.o(.text) refers to stm32f10x_rcc.o(.text) for RCC_APB2PeriphResetCmd
    stm32f10x_tim.o(.text) refers to stm32f10x_rcc.o(.text) for RCC_APB2PeriphResetCmd
    stm32f10x_usart.o(.text) refers to stm32f10x_rcc.o(.text) for RCC_APB2PeriphResetCmd
    stm32f10x_wwdg.o(.text) refers to stm32f10x_rcc.o(.text) for RCC_APB1PeriphResetCmd
    main.o(.text) refers to strstr.o(.text) for strstr
    main.o(.text) refers to printf3.o(i.__0printf$3) for __2printf
    main.o(.text) refers to strlen.o(.text) for strlen
    main.o(.text) refers to memcpya.o(.text) for __aeabi_memcpy
    main.o(.text) refers to memseta.o(.text) for __aeabi_memclr4
    main.o(.text) refers to bsp_usart3.o(.text) for Usart3_SendString
    main.o(.text) refers to thread.o(.text) for rt_thread_delay
    main.o(.text) refers to ipc.o(.text) for rt_sem_take
    main.o(.text) refers to printf3.o(i.__0sprintf$3) for __2sprintf
    main.o(.text) refers to strcat.o(.text) for strcat
    main.o(.text) refers to ctype_o.o(.text) for __rt_ctype_table
    main.o(.text) refers to strcpy.o(.text) for strcpy
    main.o(.text) refers to bsp_usart2.o(.text) for NBiot_SendCmd
    main.o(.text) refers to kservice.o(.text) for rt_kprintf
    main.o(.text) refers to main.o(.data) for CSQ_sem
    main.o(.text) refers to bsp_usart2.o(.bss) for Usart2_Rx_Buf
    main.o(.text) refers to bsp_usart3.o(.bss) for Usart3_Rx_Buf
    main.o(.text) refers to main.o(.bss) for out_msg
    main.o(.text) refers to bsp_key.o(.text) for Key_Scan
    main.o(.data) refers to main.o(.conststring) for .conststring
    board.o(.text) refers to bsp_led.o(.text) for LED_GPIO_Config
    board.o(.text) refers to bsp_usart.o(.text) for USART_Config
    board.o(.text) refers to bsp_usart2.o(.text) for USART2_Config
    board.o(.text) refers to bsp_usart3.o(.text) for USART3_Config
    board.o(.text) refers to bsp_key.o(.text) for Key_GPIO_Config
    board.o(.text) refers to components.o(.text) for rt_components_board_init
    board.o(.text) refers to mem.o(.text) for rt_system_heap_init
    board.o(.text) refers to irq.o(.text) for rt_interrupt_enter
    board.o(.text) refers to clock.o(.text) for rt_tick_increase
    board.o(.text) refers to scheduler.o(.text) for rt_enter_critical
    board.o(.text) refers to stm32f10x_usart.o(.text) for USART_SendData
    board.o(.text) refers to board.o(.bss) for rt_heap
    board.o(.text) refers to system_stm32f10x.o(.data) for SystemCoreClock
    bsp_led.o(.text) refers to stm32f10x_rcc.o(.text) for RCC_APB2PeriphClockCmd
    bsp_led.o(.text) refers to stm32f10x_gpio.o(.text) for GPIO_Init
    bsp_usart.o(.text) refers to stm32f10x_rcc.o(.text) for RCC_APB2PeriphClockCmd
    bsp_usart.o(.text) refers to stm32f10x_gpio.o(.text) for GPIO_Init
    bsp_usart.o(.text) refers to stm32f10x_usart.o(.text) for USART_Init
    bsp_key.o(.text) refers to stm32f10x_rcc.o(.text) for RCC_APB2PeriphClockCmd
    bsp_key.o(.text) refers to stm32f10x_gpio.o(.text) for GPIO_Init
    bsp_usart2.o(.text) refers to misc.o(.text) for NVIC_PriorityGroupConfig
    bsp_usart2.o(.text) refers to stm32f10x_rcc.o(.text) for RCC_APB2PeriphClockCmd
    bsp_usart2.o(.text) refers to stm32f10x_gpio.o(.text) for GPIO_Init
[...]
    printf5.o(i.__0vsnprintf$5) refers to printf5.o(i._snputc) for _snputc
    printf5.o(i.__0vsprintf$5) refers to printf5.o(i._printf_core) for _printf_core
    printf5.o(i.__0vsprintf$5) refers to printf5.o(i._sputc) for _sputc
    printf5.o(i._printf_core) refers to uldiv.o(.text) for __aeabi_uldivmod
    printf6.o(i.__0fprintf$6) refers to printf6.o(i._printf_core) for _printf_core
    printf6.o(i.__0fprintf$6) refers to bsp_usart.o(.text) for fputc
    printf6.o(i.__0printf$6) refers to printf6.o(i._printf_core) for _printf_core
    printf6.o(i.__0printf$6) refers to bsp_usart.o(.text) for fputc
    printf6.o(i.__0printf$6) refers to stdout.o(.data) for __stdout
    printf6.o(i.__0snprintf$6) refers to printf6.o(i._printf_core) for _printf_core
    printf6.o(i.__0snprintf$6) refers to printf6.o(i._snputc) for _snputc
    printf6.o(i.__0sprintf$6) refers to printf6.o(i._printf_core) for _printf_core
    printf6.o(i.__0sprintf$6) refers to printf6.o(i._sputc) for _sputc
    printf6.o(i.__0vfprintf$6) refers to printf6.o(i._printf_core) for _printf_core
    printf6.o(i.__0vfprintf$6) refers to bsp_usart.o(.text) for fputc
    printf6.o(i.__0vprintf$6) refers to printf6.o(i._printf_core) for _printf_core
    printf6.o(i.__0vprintf$6) refers to bsp_usart.o(.text) for fputc
    printf6.o(i.__0vprintf$6) refers to stdout.o(.data) for __stdout
    printf6.o(i.__0vsnprintf$6) refers to printf6.o(i._printf_core) for _printf_core
    printf6.o(i.__0vsnprintf$6) refers to printf6.o(i._snputc) for _snputc
    printf6.o(i.__0vsprintf$6) refers to printf6.o(i._printf_core) for _printf_core
    printf6.o(i.__0vsprintf$6) refers to printf6.o(i._sputc) for _sputc
    printf6.o(i._printf_core) refers to printf6.o(i._printf_pre_padding) for _printf_pre_padding
    printf6.o(i._printf_core) refers to uidiv.o(.text) for __aeabi_uidivmod
    printf6.o(i._printf_core) refers to printf6.o(i._printf_post_padding) for _printf_post_padding
    printf7.o(i.__0fprintf$7) refers to printf7.o(i._printf_core) for _printf_core
    printf7.o(i.__0fprintf$7) refers to bsp_usart.o(.text) for fputc
    printf7.o(i.__0printf$7) refers to printf7.o(i._printf_core) for _printf_core
    printf7.o(i.__0printf$7) refers to bsp_usart.o(.text) for fputc
    printf7.o(i.__0printf$7) refers to stdout.o(.data) for __stdout
    printf7.o(i.__0snprintf$7) refers to printf7.o(i._printf_core) for _printf_core
    printf7.o(i.__0snprintf$7) refers to printf7.o(i._snputc) for _snputc
    printf7.o(i.__0sprintf$7) refers to printf7.o(i._printf_core) for _printf_core
    printf7.o(i.__0sprintf$7) refers to printf7.o(i._sputc) for _sputc
    printf7.o(i.__0vfprintf$7) refers to printf7.o(i._printf_core) for _printf_core
    printf7.o(i.__0vfprintf$7) refers to bsp_usart.o(.text) for fputc
    printf7.o(i.__0vprintf$7) refers to printf7.o(i._printf_core) for _printf_core
    printf7.o(i.__0vprintf$7) refers to bsp_usart.o(.text) for fputc
    printf7.o(i.__0vprintf$7) refers to stdout.o(.data) for __stdout
    printf7.o(i.__0vsnprintf$7) refers to printf7.o(i._printf_core) for _printf_core
    printf7.o(i.__0vsnprintf$7) refers to printf7.o(i._snputc) for _snputc
    printf7.o(i.__0vsprintf$7) refers to printf7.o(i._printf_core) for _printf_core
    printf7.o(i.__0vsprintf$7) refers to printf7.o(i._sputc) for _sputc
    printf7.o(i._printf_core) refers to printf7.o(i._printf_pre_padding) for _printf_pre_padding
    printf7.o(i._printf_core) refers to uldiv.o(.text) for __aeabi_uldivmod
    printf7.o(i._printf_core) refers to printf7.o(i._printf_post_padding) for _printf_post_padding
    printf8.o(i.__0fprintf$8) refers to printf8.o(i._printf_core) for _printf_core
    printf8.o(i.__0fprintf$8) refers to bsp_usart.o(.text) for fputc
    printf8.o(i.__0printf$8) refers to printf8.o(i._printf_core) for _printf_core
    printf8.o(i.__0printf$8) refers to bsp_usart.o(.text) for fputc
    printf8.o(i.__0printf$8) refers to stdout.o(.data) for __stdout
    printf8.o(i.__0snprintf$8) refers to printf8.o(i._printf_core) for _printf_core
    printf8.o(i.__0snprintf$8) refers to printf8.o(i._snputc) for _snputc
    printf8.o(i.__0sprintf$8) refers to printf8.o(i._printf_core) for _printf_core
    printf8.o(i.__0sprintf$8) refers to printf8.o(i._sputc) for _sputc
    printf8.o(i.__0vfprintf$8) refers to printf8.o(i._printf_core) for _printf_core
    printf8.o(i.__0vfprintf$8) refers to bsp_usart.o(.text) for fputc
    printf8.o(i.__0vprintf$8) refers to printf8.o(i._printf_core) for _printf_core
    printf8.o(i.__0vprintf$8) refers to bsp_usart.o(.text) for fputc
    printf8.o(i.__0vprintf$8) refers to stdout.o(.data) for __stdout
    printf8.o(i.__0vsnprintf$8) refers to printf8.o(i._printf_core) for _printf_core
    printf8.o(i.__0vsnprintf$8) refers to printf8.o(i._snputc) for _snputc
    printf8.o(i.__0vsprintf$8) refers to printf8.o(i._printf_core) for _printf_core
    printf8.o(i.__0vsprintf$8) refers to printf8.o(i._sputc) for _sputc
    printf8.o(i._printf_core) refers to printf8.o(i._printf_pre_padding) for _printf_pre_padding
    printf8.o(i._printf_core) refers to uldiv.o(.text) for __aeabi_uldivmod
    printf8.o(i._printf_core) refers to printf8.o(i._printf_post_padding) for _printf_post_padding
    printfa.o(i.__0fprintf) refers (Special) to iusefp.o(.text) for __I$use$fp
    printfa.o(i.__0fprintf) refers to printfa.o(i._printf_core) for _printf_core
    printfa.o(i.__0fprintf) refers to bsp_usart.o(.text) for fputc
    printfa.o(i.__0printf) refers (Special) to iusefp.o(.text) for __I$use$fp
    printfa.o(i.__0printf) refers to printfa.o(i._printf_core) for _printf_core
    printfa.o(i.__0printf) refers to bsp_usart.o(.text) for fputc
    printfa.o(i.__0printf) refers to stdout.o(.data) for __stdout
    printfa.o(i.__0snprintf) refers (Special) to iusefp.o(.text) for __I$use$fp
    printfa.o(i.__0snprintf) refers to printfa.o(i._printf_core) for _printf_core
    printfa.o(i.__0snprintf) refers to printfa.o(i._snputc) for _snputc
    printfa.o(i.__0sprintf) refers (Special) to iusefp.o(.text) for __I$use$fp
    printfa.o(i.__0sprintf) refers to printfa.o(i._printf_core) for _printf_core
    printfa.o(i.__0sprintf) refers to printfa.o(i._sputc) for _sputc
    printfa.o(i.__0vfprintf) refers (Special) to iusefp.o(.text) for __I$use$fp
    printfa.o(i.__0vfprintf) refers to printfa.o(i._printf_core) for _printf_core
    printfa.o(i.__0vfprintf) refers to bsp_usart.o(.text) for fputc
    printfa.o(i.__0vprintf) refers (Special) to iusefp.o(.text) for __I$use$fp
    printfa.o(i.__0vprintf) refers to printfa.o(i._printf_core) for _printf_core
    printfa.o(i.__0vprintf) refers to bsp_usart.o(.text) for fputc
    printfa.o(i.__0vprintf) refers to stdout.o(.data) for __stdout
    printfa.o(i.__0vsnprintf) refers (Special) to iusefp.o(.text) for __I$use$fp
    printfa.o(i.__0vsnprintf) refers to printfa.o(i._printf_core) for _printf_core
    printfa.o(i.__0vsnprintf) refers to printfa.o(i._snputc) for _snputc
    printfa.o(i.__0vsprintf) refers (Special) to iusefp.o(.text) for __I$use$fp
    printfa.o(i.__0vsprintf) refers to printfa.o(i._printf_core) for _printf_core
    printfa.o(i.__0vsprintf) refers to printfa.o(i._sputc) for _sputc
    printfa.o(i._fp_digits) refers (Special) to iusefp.o(.text) for __I$use$fp
    printfa.o(i._fp_digits) refers to dmul.o(.text) for __aeabi_dmul
    printfa.o(i._fp_digits) refers to ddiv.o(.text) for __aeabi_ddiv
    printfa.o(i._fp_digits) refers to cdrcmple.o(.text) for __aeabi_cdrcmple
    printfa.o(i._fp_digits) refers to dadd.o(.text) for __aeabi_dadd
    printfa.o(i._fp_digits) refers to dfixul.o(.text) for __aeabi_d2ulz
    printfa.o(i._fp_digits) refers to uldiv.o(.text) for __aeabi_uldivmod
    printfa.o(i._printf_core) refers (Special) to iusefp.o(.text) for __I$use$fp
    printfa.o(i._printf_core) refers to printfa.o(i._printf_pre_padding) for _printf_pre_padding
    printfa.o(i._printf_core) refers to uldiv.o(.text) for __aeabi_uldivmod
    printfa.o(i._printf_core) refers to printfa.o(i._printf_post_padding) for _printf_post_padding
    printfa.o(i._printf_core) refers to printfa.o(i._fp_digits) for _fp_digits
    printfa.o(i._printf_core) refers to uidiv.o(.text) for __aeabi_uidivmod
    printfa.o(i._printf_post_padding) refers (Special) to iusefp.o(.text) for __I$use$fp
    printfa.o(i._printf_pre_padding) refers (Special) to iusefp.o(.text) for __I$use$fp
    printfa.o(i._snputc) refers (Special) to iusefp.o(.text) for __I$use$fp
    printfa.o(i._sputc) refers (Special) to iusefp.o(.text) for __I$use$fp
    entry2.o(.ARM.Collect$$$$00000001) refers to entry2.o(.ARM.Collect$$$$00002712) for __lit__00000000
    entry2.o(.ARM.Collect$$$$00002712) refers to startup_stm32f10x_hd.o(STACK) for __initial_sp
    entry2.o(__vectab_stack_and_reset_area) refers to startup_stm32f10x_hd.o(STACK) for __initial_sp
    entry2.o(__vectab_stack_and_reset_area) refers to entry.o(.ARM.Collect$$$$00000000) for __main
    entry5.o(.ARM.Collect$$$$00000004) refers to init.o(.text) for __scatterload
    entry9a.o(.ARM.Collect$$$$0000000B) refers to components.o(.text) for main
    entry9b.o(.ARM.Collect$$$$0000000C) refers to components.o(.text) for main
    uldiv.o(.text) refers to llushr.o(.text) for __aeabi_llsr
    uldiv.o(.text) refers to llshl.o(.text) for __aeabi_llsl
    dadd.o(.text) refers to llshl.o(.text) for __aeabi_llsl
    dadd.o(.text) refers to llsshr.o(.text) for __aeabi_lasr
    dadd.o(.text) refers to depilogue.o(.text) for _double_epilogue
    dmul.o(.text) refers to depilogue.o(.text) for _double_epilogue
    ddiv.o(.text) refers to depilogue.o(.text) for _double_round
    dfixul.o(.text) refers to llushr.o(.text) for __aeabi_llsr
    dfixul.o(.text) refers to llshl.o(.text) for __aeabi_llsl
    init.o(.text) refers to entry5.o(.ARM.Collect$$$$00000004) for __main_after_scatterload
    depilogue.o(.text) refers to llshl.o(.text) for __aeabi_llsl
    depilogue.o(.text) refers to llushr.o(.text) for __aeabi_llsr


==============================================================================

Removing Unused input sections from the image.

    Removing startup_stm32f10x_hd.o(HEAP), (512 bytes).
    Removing core_cm3.o(.emb_text), (32 bytes).
    Removing stm32f10x_adc.o(.text), (1102 bytes).
    Removing stm32f10x_bkp.o(.text), (196 bytes).
    Removing stm32f10x_can.o(.text), (2544 bytes).
    Removing stm32f10x_cec.o(.text), (288 bytes).
    Removing stm32f10x_crc.o(.text), (72 bytes).
    Removing stm32f10x_dac.o(.text), (396 bytes).
    Removing stm32f10x_dbgmcu.o(.text), (48 bytes).
    Removing stm32f10x_exti.o(.text), (284 bytes).
    Removing stm32f10x_flash.o(.text), (1468 bytes).
    Removing stm32f10x_fsmc.o(.text), (1548 bytes).
    Removing stm32f10x_i2c.o(.text), (1028 bytes).
    Removing stm32f10x_iwdg.o(.text), (64 bytes).
    Removing stm32f10x_pwr.o(.text), (204 bytes).
    Removing stm32f10x_rtc.o(.text), (328 bytes).
    Removing stm32f10x_sdio.o(.text), (468 bytes).
    Removing stm32f10x_spi.o(.text), (780 bytes).
    Removing stm32f10x_tim.o(.text), (3610 bytes).
    Removing stm32f10x_wwdg.o(.text), (136 bytes).
    Removing bsp_exti.o(.text), (192 bytes).
    Removing dadd.o(.text), (334 bytes).
    Removing dmul.o(.text), (228 bytes).
    Removing ddiv.o(.text), (222 bytes).
    Removing dfixul.o(.text), (48 bytes).
    Removing cdrcmple.o(.text), (48 bytes).
    Removing depilogue.o(.text), (186 bytes).

27 unused section(s) (total 16366 bytes) removed from the image.

==============================================================================

Image Symbol Table

    Local Symbols

    Symbol Name                              Value     Ov Type        Size  Object(Section)

    ../clib/microlib/ctype/ctype.c           0x00000000   Number         0  iscntrl_o.o ABSOLUTE
    ../clib/microlib/ctype/ctype.c           0x00000000   Number         0  isupper_o.o ABSOLUTE
    ../clib/microlib/ctype/ctype.c           0x00000000   Number         0  isxdigit_o.o ABSOLUTE
    ../clib/microlib/ctype/ctype.c           0x00000000   Number         0  ctype_o.o ABSOLUTE
    ../clib/microlib/ctype/ctype.c           0x00000000   Number         0  isalnum_o.o ABSOLUTE
    ../clib/microlib/ctype/ctype.c           0x00000000   Number         0  isalpha_o.o ABSOLUTE
    ../clib/microlib/ctype/ctype.c           0x00000000   Number         0  isblank_o.o ABSOLUTE
    ../clib/microlib/ctype/ctype.c           0x00000000   Number         0  isdigit_o.o ABSOLUTE
    ../clib/microlib/ctype/ctype.c           0x00000000   Number         0  isgraph_o.o ABSOLUTE
    ../clib/microlib/ctype/ctype.c           0x00000000   Number         0  islower_o.o ABSOLUTE
    ../clib/microlib/ctype/ctype.c           0x00000000   Number         0  isprint_o.o ABSOLUTE
    ../clib/microlib/ctype/ctype.c           0x00000000   Number         0  ispunct_o.o ABSOLUTE
    ../clib/microlib/ctype/ctype.c           0x00000000   Number         0  isspace_o.o ABSOLUTE
    ../clib/microlib/division.c              0x00000000   Number         0  uldiv.o ABSOLUTE
    ../clib/microlib/division.c              0x00000000   Number         0  uidiv.o ABSOLUTE
    ../clib/microlib/init/entry.s            0x00000000   Number         0  entry7a.o ABSOLUTE
    ../clib/microlib/init/entry.s            0x00000000   Number         0  entry10a.o ABSOLUTE
    ../clib/microlib/init/entry.s            0x00000000   Number         0  entry5.o ABSOLUTE
    ../clib/microlib/init/entry.s            0x00000000   Number         0  entry2.o ABSOLUTE
    ../clib/microlib/init/entry.s            0x00000000   Number         0  entry9b.o ABSOLUTE
    ../clib/microlib/init/entry.s            0x00000000   Number         0  entry10b.o ABSOLUTE
    ../clib/microlib/init/entry.s            0x00000000   Number         0  entry11a.o ABSOLUTE
    ../clib/microlib/init/entry.s            0x00000000   Number         0  entry9a.o ABSOLUTE
    ../clib/microlib/init/entry.s            0x00000000   Number         0  entry11b.o ABSOLUTE
    ../clib/microlib/init/entry.s            0x00000000   Number         0  entry.o ABSOLUTE
    ../clib/microlib/init/entry.s            0x00000000   Number         0  entry8a.o ABSOLUTE
    ../clib/microlib/init/entry.s            0x00000000   Number         0  entry8b.o ABSOLUTE
    ../clib/microlib/init/entry.s            0x00000000   Number         0  entry7b.o ABSOLUTE
    ../clib/microlib/longlong.c              0x00000000   Number         0  llsshr.o ABSOLUTE
    ../clib/microlib/longlong.c              0x00000000   Number         0  llushr.o ABSOLUTE
    ../clib/microlib/longlong.c              0x00000000   Number         0  llshl.o ABSOLUTE
    ../clib/microlib/printf/printf.c         0x00000000   Number         0  printf1.o ABSOLUTE
    ../clib/microlib/printf/printf.c         0x00000000   Number         0  printf2.o ABSOLUTE
    ../clib/microlib/printf/printf.c         0x00000000   Number         0  printfb.o ABSOLUTE
    ../clib/microlib/printf/printf.c         0x00000000   Number         0  printf4.o ABSOLUTE
    ../clib/microlib/printf/printf.c         0x00000000   Number         0  printf6.o ABSOLUTE
    ../clib/microlib/printf/printf.c         0x00000000   Number         0  printf7.o ABSOLUTE
    ../clib/microlib/printf/printf.c         0x00000000   Number         0  printf8.o ABSOLUTE
    ../clib/microlib/printf/printf.c         0x00000000   Number         0  printf5.o ABSOLUTE
    ../clib/microlib/printf/printf.c         0x00000000   Number         0  printf3.o ABSOLUTE
    ../clib/microlib/printf/printf.c         0x00000000   Number         0  printfa.o ABSOLUTE
    ../clib/microlib/printf/printf.c         0x00000000   Number         0  printf0.o ABSOLUTE
    ../clib/microlib/printf/stubs.s          0x00000000   Number         0  stubs.o ABSOLUTE
    ../clib/microlib/stdio/streams.c         0x00000000   Number         0  stdout.o ABSOLUTE
    ../clib/microlib/string/memcpy.c         0x00000000   Number         0  memcpya.o ABSOLUTE
    ../clib/microlib/string/memcpy.c         0x00000000   Number         0  memcpyb.o ABSOLUTE
    ../clib/microlib/string/memset.c         0x00000000   Number         0  memseta.o ABSOLUTE
    ../clib/microlib/string/strcat.c         0x00000000   Number         0  strcat.o ABSOLUTE
    ../clib/microlib/string/strcmp.c         0x00000000   Number         0  strcmp.o ABSOLUTE
    ../clib/microlib/string/strcpy.c         0x00000000   Number         0  strcpy.o ABSOLUTE
    ../clib/microlib/string/strlen.c         0x00000000   Number         0  strlen.o ABSOLUTE
    ../clib/microlib/string/strstr.c         0x00000000   Number         0  strstr.o ABSOLUTE
    ../clib/microlib/stubs.s                 0x00000000   Number         0  iusefp.o ABSOLUTE
    ../fplib/microlib/fpadd.c                0x00000000   Number         0  dadd.o ABSOLUTE
    ../fplib/microlib/fpdiv.c                0x00000000   Number         0  ddiv.o ABSOLUTE
    ../fplib/microlib/fpepilogue.c           0x00000000   Number         0  depilogue.o ABSOLUTE
    ../fplib/microlib/fpfix.c                0x00000000   Number         0  dfixul.o ABSOLUTE
    ../fplib/microlib/fpmul.c                0x00000000   Number         0  dmul.o ABSOLUTE
    ..\..\Libraries\CMSIS\core_cm3.c         0x00000000   Number         0  core_cm3.o ABSOLUTE
    ..\..\Libraries\CMSIS\startup\startup_stm32f10x_hd.s 0x00000000   Number         0  startup_stm32f10x_hd.o ABSOLUTE
    ..\..\Libraries\CMSIS\system_stm32f10x.c 0x00000000   Number         0  system_stm32f10x.o ABSOLUTE
    ..\..\Libraries\FWlib\src\misc.c         0x00000000   Number         0  misc.o ABSOLUTE
    ..\..\Libraries\FWlib\src\stm32f10x_adc.c 0x00000000   Number         0  stm32f10x_adc.o ABSOLUTE
    ..\..\Libraries\FWlib\src\stm32f10x_bkp.c 0x00000000   Number         0  stm32f10x_bkp.o ABSOLUTE
    ..\..\Libraries\FWlib\src\stm32f10x_can.c 0x00000000   Number         0  stm32f10x_can.o ABSOLUTE
    ..\..\Libraries\FWlib\src\stm32f10x_cec.c 0x00000000   Number         0  stm32f10x_cec.o ABSOLUTE
    ..\..\Libraries\FWlib\src\stm32f10x_crc.c 0x00000000   Number         0  stm32f10x_crc.o ABSOLUTE
    ..\..\Libraries\FWlib\src\stm32f10x_dac.c 0x00000000   Number         0  stm32f10x_dac.o ABSOLUTE
    ..\..\Libraries\FWlib\src\stm32f10x_dbgmcu.c 0x00000000   Number         0  stm32f10x_dbgmcu.o ABSOLUTE
    ..\..\Libraries\FWlib\src\stm32f10x_dma.c 0x00000000   Number         0  stm32f10x_dma.o ABSOLUTE
    ..\..\Libraries\FWlib\src\stm32f10x_exti.c 0x00000000   Number         0  stm32f10x_exti.o ABSOLUTE
    ..\..\Libraries\FWlib\src\stm32f10x_flash.c 0x00000000   Number         0  stm32f10x_flash.o ABSOLUTE
    ..\..\Libraries\FWlib\src\stm32f10x_fsmc.c 0x00000000   Number         0  stm32f10x_fsmc.o ABSOLUTE
    ..\..\Libraries\FWlib\src\stm32f10x_gpio.c 0x00000000   Number         0  stm32f10x_gpio.o ABSOLUTE
    ..\..\Libraries\FWlib\src\stm32f10x_i2c.c 0x00000000   Number         0  stm32f10x_i2c.o ABSOLUTE
    ..\..\Libraries\FWlib\src\stm32f10x_iwdg.c 0x00000000   Number         0  stm32f10x_iwdg.o ABSOLUTE
    ..\..\Libraries\FWlib\src\stm32f10x_pwr.c 0x00000000   Number         0  stm32f10x_pwr.o ABSOLUTE
    ..\..\Libraries\FWlib\src\stm32f10x_rcc.c 0x00000000   Number         0  stm32f10x_rcc.o ABSOLUTE
    ..\..\Libraries\FWlib\src\stm32f10x_rtc.c 0x00000000   Number         0  stm32f10x_rtc.o ABSOLUTE
    ..\..\Libraries\FWlib\src\stm32f10x_sdio.c 0x00000000   Number         0  stm32f10x_sdio.o ABSOLUTE
    ..\..\Libraries\FWlib\src\stm32f10x_spi.c 0x00000000   Number         0  stm32f10x_spi.o ABSOLUTE
    ..\..\Libraries\FWlib\src\stm32f10x_tim.c 0x00000000   Number         0  stm32f10x_tim.o ABSOLUTE
    ..\..\Libraries\FWlib\src\stm32f10x_usart.c 0x00000000   Number         0  stm32f10x_usart.o ABSOLUTE
    ..\..\Libraries\FWlib\src\stm32f10x_wwdg.c 0x00000000   Number         0  stm32f10x_wwdg.o ABSOLUTE
    ..\..\User\board.c                       0x00000000   Number         0  board.o ABSOLUTE
    ..\..\User\bsp\Key\bsp_key.c             0x00000000   Number         0  bsp_key.o ABSOLUTE
    ..\..\User\bsp\exti\bsp_exti.c           0x00000000   Number         0  bsp_exti.o ABSOLUTE
    ..\..\User\bsp\led\bsp_led.c             0x00000000   Number         0  bsp_led.o ABSOLUTE
    ..\..\User\bsp\usart2\bsp_usart2.c       0x00000000   Number         0  bsp_usart2.o ABSOLUTE
    ..\..\User\bsp\usart3\bsp_usart3.c       0x00000000   Number         0  bsp_usart3.o ABSOLUTE
    ..\..\User\bsp\usart\bsp_usart.c         0x00000000   Number         0  bsp_usart.o ABSOLUTE
    ..\..\User\main.c                        0x00000000   Number         0  main.o ABSOLUTE
    ..\..\User\stm32f10x_it.c                0x00000000   Number         0  stm32f10x_it.o ABSOLUTE
    ..\..\rtthread\3.0.3\libcpu\arm\cortex-m3\context_rvds.S 0x00000000   Number         0  context_rvds.o ABSOLUTE
    ..\..\rtthread\3.0.3\libcpu\arm\cortex-m3\cpuport.c 0x00000000   Number         0  cpuport.o ABSOLUTE
    ..\..\rtthread\3.0.3\src\clock.c         0x00000000   Number         0  clock.o ABSOLUTE
    ..\..\rtthread\3.0.3\src\components.c    0x00000000   Number         0  components.o ABSOLUTE
    ..\..\rtthread\3.0.3\src\device.c        0x00000000   Number         0  device.o ABSOLUTE
    ..\..\rtthread\3.0.3\src\idle.c          0x00000000   Number         0  idle.o ABSOLUTE
    ..\..\rtthread\3.0.3\src\ipc.c           0x00000000   Number         0  ipc.o ABSOLUTE
    ..\..\rtthread\3.0.3\src\irq.c           0x00000000   Number         0  irq.o ABSOLUTE
    ..\..\rtthread\3.0.3\src\kservice.c      0x00000000   Number         0  kservice.o ABSOLUTE
    ..\..\rtthread\3.0.3\src\mem.c           0x00000000   Number         0  mem.o ABSOLUTE
    ..\..\rtthread\3.0.3\src\memheap.c       0x00000000   Number         0  memheap.o ABSOLUTE
    ..\..\rtthread\3.0.3\src\mempool.c       0x00000000   Number         0  mempool.o ABSOLUTE
    ..\..\rtthread\3.0.3\src\object.c        0x00000000   Number         0  object.o ABSOLUTE
    ..\..\rtthread\3.0.3\src\scheduler.c     0x00000000   Number         0  scheduler.o ABSOLUTE
    ..\..\rtthread\3.0.3\src\signal.c        0x00000000   Number         0  signal.o ABSOLUTE
    ..\..\rtthread\3.0.3\src\thread.c        0x00000000   Number         0  thread.o ABSOLUTE
    ..\..\rtthread\3.0.3\src\timer.c         0x00000000   Number         0  timer.o ABSOLUTE
    ..\\..\\Libraries\\CMSIS\\core_cm3.c     0x00000000   Number         0  core_cm3.o ABSOLUTE
    cdrcmple.s                               0x00000000   Number         0  cdrcmple.o ABSOLUTE
    dc.s                                     0x00000000   Number         0  dc.o ABSOLUTE
    handlers.s                               0x00000000   Number         0  handlers.o ABSOLUTE
    init.s                                   0x00000000   Number         0  init.o ABSOLUTE
    RESET                                    0x08000000   Section      304  startup_stm32f10x_hd.o(RESET)
    .ARM.Collect$$$$00000000                 0x08000130   Section        0  entry.o(.ARM.Collect$$$$00000000)
    .ARM.Collect$$$$00000001                 0x08000130   Section        4  entry2.o(.ARM.Collect$$$$00000001)
    .ARM.Collect$$$$00000004                 0x08000134   Section        4  entry5.o(.ARM.Collect$$$$00000004)
    .ARM.Collect$$$$00000008                 0x08000138   Section        0  entry7b.o(.ARM.Collect$$$$00000008)
    .ARM.Collect$$$$0000000A                 0x08000138   Section        0  entry8b.o(.ARM.Collect$$$$0000000A)
    .ARM.Collect$$$$0000000B                 0x08000138   Section        8  entry9a.o(.ARM.Collect$$$$0000000B)
    .ARM.Collect$$$$0000000D                 0x08000140   Section        0  entry10a.o(.ARM.Collect$$$$0000000D)
    .ARM.Collect$$$$0000000F                 0x08000140   Section        0  entry11a.o(.ARM.Collect$$$$0000000F)
    .ARM.Collect$$$$00002712                 0x08000140   Section        4  entry2.o(.ARM.Collect$$$$00002712)
    __lit__00000000                          0x08000140   Data           4  entry2.o(.ARM.Collect$$$$00002712)
    .text                                    0x08000144   Section       36  startup_stm32f10x_hd.o(.text)
    .text                                    0x08000168   Section        0  system_stm32f10x.o(.text)
    SetSysClockTo72                          0x08000169   Thumb Code   214  system_stm32f10x.o(.text)
    SetSysClock                              0x0800023f   Thumb Code     8  system_stm32f10x.o(.text)
    .text                                    0x08000348   Section        0  misc.o(.text)
    .text                                    0x08000424   Section        0  stm32f10x_dma.o(.text)
    .text                                    0x08000678   Section        0  stm32f10x_gpio.o(.text)
    .text                                    0x080009d4   Section        0  stm32f10x_rcc.o(.text)
    .text                                    0x08000d78   Section        0  stm32f10x_usart.o(.text)
    .text                                    0x08001180   Section        0  main.o(.text)
    usart3_thread_entry                      0x080011cd   Thumb Code   116  main.o(.text)
    usart2_thread_entry                      0x08001745   Thumb Code    96  main.o(.text)
    led1_thread_entry                        0x080017a5   Thumb Code    34  main.o(.text)
    key_thread_entry                         0x080017c7   Thumb Code   100  main.o(.text)
    .text                                    0x08001ad8   Section        0  board.o(.text)
    .text                                    0x08001bd8   Section        0  bsp_led.o(.text)
    .text                                    0x08001c38   Section        0  bsp_usart.o(.text)
    .text                                    0x08001da8   Section        0  bsp_key.o(.text)
    .text                                    0x08001e08   Section        0  bsp_usart2.o(.text)
    NVIC_Configuration2                      0x08001e09   Thumb Code    40  bsp_usart2.o(.text)
    .text                                    0x080021ac   Section        0  bsp_usart3.o(.text)
    NVIC_Configuration2                      0x080021ad   Thumb Code    40  bsp_usart3.o(.text)
    .text                                    0x080023d8   Section        0  clock.o(.text)
    .text                                    0x08002444   Section        0  components.o(.text)
    rti_start                                0x08002445   Thumb Code     4  components.o(.text)
    rti_board_start                          0x08002449   Thumb Code     4  components.o(.text)
    rti_board_end                            0x0800244d   Thumb Code     4  components.o(.text)
    rti_end                                  0x08002451   Thumb Code     4  components.o(.text)
    .text                                    0x080024f8   Section        0  idle.o(.text)
    rt_thread_idle_entry                     0x08002579   Thumb Code     8  idle.o(.text)
    _has_defunct_thread                      0x080025ab   Thumb Code    16  idle.o(.text)
    .text                                    0x080025d4   Section        0  ipc.o(.text)
    rt_list_insert_before                    0x080025d5   Thumb Code    14  ipc.o(.text)
    rt_ipc_list_suspend                      0x080025e3   Thumb Code   108  ipc.o(.text)
    rt_ipc_list_resume_all                   0x0800264f   Thumb Code    50  ipc.o(.text)
    rt_list_init                             0x08002aff   Thumb Code     6  ipc.o(.text)
    rt_list_isempty                          0x08002b05   Thumb Code    16  ipc.o(.text)
    rt_ipc_object_init                       0x08002b15   Thumb Code    16  ipc.o(.text)
    rt_ipc_list_resume                       0x08002b25   Thumb Code    20  ipc.o(.text)
    .text                                    0x08002b38   Section        0  irq.o(.text)
    .text                                    0x08002b78   Section        0  kservice.o(.text)
    print_number                             0x08002e3d   Thumb Code   400  kservice.o(.text)
    skip_atoi                                0x08002fcd   Thumb Code    38  kservice.o(.text)
    .text                                    0x08003504   Section        0  mem.o(.text)
    plug_holes                               0x08003505   Thumb Code   108  mem.o(.text)
    .text                                    0x080039e8   Section        0  object.o(.text)
    rt_list_insert_after                     0x080039e9   Thumb Code    14  object.o(.text)
    rt_list_remove                           0x080039f7   Thumb Code    18  object.o(.text)
    .text                                    0x08003b5c   Section        0  scheduler.o(.text)
    rt_list_init                             0x08003d19   Thumb Code     6  scheduler.o(.text)
    .text                                    0x08003d3c   Section        0  thread.o(.text)
    rt_list_insert_after                     0x08003d3d   Thumb Code    14  thread.o(.text)
    rt_list_remove                           0x08003d4b   Thumb Code    18  thread.o(.text)
    _rt_thread_init                          0x08003dc9   Thumb Code   128  thread.o(.text)
    .text                                    0x0800417c   Section        0  timer.o(.text)
    rt_list_insert_after                     0x0800417d   Thumb Code    14  timer.o(.text)
    _rt_timer_init                           0x0800418b   Thumb Code    66  timer.o(.text)
    rt_timer_list_next_timeout               0x080041cd   Thumb Code    28  timer.o(.text)
    _rt_timer_remove                         0x080041e9   Thumb Code    46  timer.o(.text)
    rt_list_init                             0x080044ab   Thumb Code     6  timer.o(.text)
    rt_list_isempty                          0x080044b1   Thumb Code    16  timer.o(.text)
    .text                                    0x080044c8   Section      240  context_rvds.o(.text)
    .text                                    0x080045b8   Section        0  cpuport.o(.text)
    .text                                    0x08004820   Section        0  ctype_o.o(.text)
    .text                                    0x08004828   Section        0  memcpya.o(.text)
    .text                                    0x0800484c   Section        0  memseta.o(.text)
    .text                                    0x08004870   Section        0  strcat.o(.text)
    .text                                    0x08004888   Section        0  strstr.o(.text)
    .text                                    0x080048ac   Section        0  strlen.o(.text)
    .text                                    0x080048ba   Section        0  strcmp.o(.text)
    .text                                    0x080048d6   Section        0  strcpy.o(.text)
    .text                                    0x080048e8   Section        0  uidiv.o(.text)
    .text                                    0x08004914   Section       36  init.o(.text)
    i.__0printf$3                            0x08004938   Section        0  printf3.o(i.__0printf$3)
    i.__0sprintf$3                           0x08004958   Section        0  printf3.o(i.__0sprintf$3)
    i.__scatterload_copy                     0x08004980   Section       14  handlers.o(i.__scatterload_copy)
    i.__scatterload_null                     0x0800498e   Section        2  handlers.o(i.__scatterload_null)
    i.__scatterload_zeroinit                 0x08004990   Section       14  handlers.o(i.__scatterload_zeroinit)
    i._printf_core                           0x080049a0   Section        0  printf3.o(i._printf_core)
    _printf_core                             0x080049a1   Thumb Code   436  printf3.o(i._printf_core)
    i._sputc                                 0x08004b58   Section        0  printf3.o(i._sputc)
    _sputc                                   0x08004b59   Thumb Code    10  printf3.o(i._sputc)
    .constdata                               0x08004b62   Section      290  kservice.o(.constdata)
    small_digits                             0x08004c62   Data          17  kservice.o(.constdata)
    large_digits                             0x08004c73   Data          17  kservice.o(.constdata)
    .constdata                               0x08004c84   Section      129  ctype_o.o(.constdata)
    .constdata                               0x08004d08   Section        4  ctype_o.o(.constdata)
    table                                    0x08004d08   Data           4  ctype_o.o(.constdata)
    .conststring                             0x08004d0c   Section       29  main.o(.conststring)
    .rti_fn.0                                0x08004d2c   Section        4  components.o(.rti_fn.0)
    __tagsym$$used                           0x08004d2c   Number         0  components.o(.rti_fn.0)
    .rti_fn.0.end                            0x08004d30   Section        4  components.o(.rti_fn.0.end)
    __tagsym$$used                           0x08004d30   Number         0  components.o(.rti_fn.0.end)
    .rti_fn.1.end                            0x08004d34   Section        4  components.o(.rti_fn.1.end)
    __tagsym$$used                           0x08004d34   Number         0  components.o(.rti_fn.1.end)
    .rti_fn.6.end                            0x08004d38   Section        4  components.o(.rti_fn.6.end)
    __tagsym$$used                           0x08004d38   Number         0  components.o(.rti_fn.6.end)
    .data                                    0x20000000   Section       20  system_stm32f10x.o(.data)
    .data                                    0x20000014   Section       20  stm32f10x_rcc.o(.data)
    APBAHBPrescTable                         0x20000014   Data          16  stm32f10x_rcc.o(.data)
    ADCPrescTable                            0x20000024   Data           4  stm32f10x_rcc.o(.data)
    .data                                    0x20000028   Section       44  main.o(.data)
    led1_thread                              0x20000028   Data           4  main.o(.data)
    key_thread                               0x2000002c   Data           4  main.o(.data)
    usart2_thread                            0x20000030   Data           4  main.o(.data)
    usart3_thread                            0x20000034   Data           4  main.o(.data)
    .data                                    0x20000054   Section        4  clock.o(.data)
    rt_tick                                  0x20000054   Data           4  clock.o(.data)
    .data                                    0x20000058   Section        1  irq.o(.data)
    .data                                    0x2000005c   Section        4  kservice.o(.data)
    __rt_errno                               0x2000005c   Data           4  kservice.o(.data)
    .data                                    0x20000060   Section       24  mem.o(.data)
    heap_ptr                                 0x20000060   Data           4  mem.o(.data)
    heap_end                                 0x20000064   Data           4  mem.o(.data)
    lfree                                    0x20000068   Data           4  mem.o(.data)
    mem_size_aligned                         0x2000006c   Data           4  mem.o(.data)
    used_mem                                 0x20000070   Data           4  mem.o(.data)
    max_mem                                  0x20000074   Data           4  mem.o(.data)
    .data                                    0x20000078   Section       64  object.o(.data)
    rt_object_container                      0x20000078   Data          64  object.o(.data)
    .data                                    0x200000b8   Section       24  scheduler.o(.data)
    rt_scheduler_lock_nest                   0x200000b8   Data           2  scheduler.o(.data)
    .data                                    0x200000d0   Section       12  timer.o(.data)
    rt_timer_list                            0x200000d0   Data           8  timer.o(.data)
    random_nr                                0x200000d8   Data           4  timer.o(.data)
    .data                                    0x200000dc   Section       16  cpuport.o(.data)
    rt_exception_hook                        0x200000e8   Data           4  cpuport.o(.data)
    .data                                    0x200000ec   Section        4  stdout.o(.data)
    .bss                                     0x200000f0   Section      860  main.o(.bss)
    out_msg                                  0x200003de   Data         110  main.o(.bss)
    .bss                                     0x2000044c   Section     4096  board.o(.bss)
    rt_heap                                  0x2000044c   Data        4096  board.o(.bss)
    .bss                                     0x2000144c   Section     1000  bsp_usart2.o(.bss)
    .bss                                     0x20001834   Section     1000  bsp_usart3.o(.bss)
    .bss                                     0x20001c1c   Section      376  idle.o(.bss)
    idle                                     0x20001c1c   Data         120  idle.o(.bss)
    rt_thread_stack                          0x20001c94   Data         256  idle.o(.bss)
    .bss                                     0x20001d94   Section      128  kservice.o(.bss)
    rt_log_buf                               0x20001d94   Data         128  kservice.o(.bss)
    .bss                                     0x20001e14   Section       32  mem.o(.bss)
    heap_sem                                 0x20001e14   Data          32  mem.o(.bss)
    .bss                                     0x20001e34   Section       64  scheduler.o(.bss)
    STACK                                    0x20001e78   Section     1024  startup_stm32f10x_hd.o(STACK)

    Global Symbols

    Symbol Name                              Value     Ov Type        Size  Object(Section)

    BuildAttributes$$THM_ISAv4$P$D$K$B$S$PE$A:L22UL41UL21$X:L11$S22US41US21$IEEE1$IW$USESV6$~STKCKD$USESV7$~SHL$OSPACE$ROPI$EBA8$MICROLIB$REQ8$PRES8$EABIv2 0x00000000   Number         0  anon$$obj.o ABSOLUTE
    __ARM_use_no_argv                        0x00000000   Number         0  main.o ABSOLUTE
    _printf_a                                0x00000000   Number         0  stubs.o ABSOLUTE
    _printf_c                                0x00000000   Number         0  stubs.o ABSOLUTE
    _printf_charcount                        0x00000000   Number         0  stubs.o ABSOLUTE
    _printf_d                                0x00000000   Number         0  stubs.o ABSOLUTE
    _printf_e                                0x00000000   Number         0  stubs.o ABSOLUTE
    _printf_f                                0x00000000   Number         0  stubs.o ABSOLUTE
    _printf_flags                            0x00000000   Number         0  stubs.o ABSOLUTE
    _printf_fp_dec                           0x00000000   Number         0  stubs.o ABSOLUTE
    _printf_fp_hex                           0x00000000   Number         0  stubs.o ABSOLUTE
    _printf_g                                0x00000000   Number         0  stubs.o ABSOLUTE
    _printf_i                                0x00000000   Number         0  stubs.o ABSOLUTE
    _printf_int_dec                          0x00000000   Number         0  stubs.o ABSOLUTE
    _printf_l                                0x00000000   Number         0  stubs.o ABSOLUTE
    _printf_lc                               0x00000000   Number         0  stubs.o ABSOLUTE
    _printf_ll                               0x00000000   Number         0  stubs.o ABSOLUTE
    _printf_lld                              0x00000000   Number         0  stubs.o ABSOLUTE
    _printf_lli                              0x00000000   Number         0  stubs.o ABSOLUTE
    _printf_llo                              0x00000000   Number         0  stubs.o ABSOLUTE
    _printf_llu                              0x00000000   Number         0  stubs.o ABSOLUTE
    _printf_llx                              0x00000000   Number         0  stubs.o ABSOLUTE
    _printf_longlong_dec                     0x00000000   Number         0  stubs.o ABSOLUTE
    _printf_longlong_hex                     0x00000000   Number         0  stubs.o ABSOLUTE
    _printf_longlong_oct                     0x00000000   Number         0  stubs.o ABSOLUTE
    _printf_ls                               0x00000000   Number         0  stubs.o ABSOLUTE
    _printf_mbtowc                           0x00000000   Number         0  stubs.o ABSOLUTE
    _printf_n                                0x00000000   Number         0  stubs.o ABSOLUTE
    _printf_o                                0x00000000   Number         0  stubs.o ABSOLUTE
    _printf_p                                0x00000000   Number         0  stubs.o ABSOLUTE
    _printf_percent                          0x00000000   Number         0  stubs.o ABSOLUTE
    _printf_pre_padding                      0x00000000   Number         0  stubs.o ABSOLUTE
    _printf_return_value                     0x00000000   Number         0  stubs.o ABSOLUTE
    _printf_s                                0x00000000   Number         0  stubs.o ABSOLUTE
    _printf_sizespec                         0x00000000   Number         0  stubs.o ABSOLUTE
    _printf_str                              0x00000000   Number         0  stubs.o ABSOLUTE
    _printf_truncate_signed                  0x00000000   Number         0  stubs.o ABSOLUTE
    _printf_truncate_unsigned                0x00000000   Number         0  stubs.o ABSOLUTE
    _printf_u                                0x00000000   Number         0  stubs.o ABSOLUTE
    _printf_wc                               0x00000000   Number         0  stubs.o ABSOLUTE
    _printf_wctomb                           0x00000000   Number         0  stubs.o ABSOLUTE
    _printf_widthprec                        0x00000000   Number         0  stubs.o ABSOLUTE
    _printf_x                                0x00000000   Number         0  stubs.o ABSOLUTE
    __cpp_initialize__aeabi_                  - Undefined Weak Reference
    __cxa_finalize                            - Undefined Weak Reference
    __decompress                              - Undefined Weak Reference
    _clock_init                               - Undefined Weak Reference
    _microlib_exit                            - Undefined Weak Reference
    __Vectors_Size                           0x00000130   Number         0  startup_stm32f10x_hd.o ABSOLUTE
    __Vectors                                0x08000000   Data           4  startup_stm32f10x_hd.o(RESET)
    __Vectors_End                            0x08000130   Data           0  startup_stm32f10x_hd.o(RESET)
    __main                                   0x08000131   Thumb Code     0  entry.o(.ARM.Collect$$$$00000000)
    _main_stk                                0x08000131   Thumb Code     0  entry2.o(.ARM.Collect$$$$00000001)
    _main_scatterload                        0x08000135   Thumb Code     0  entry5.o(.ARM.Collect$$$$00000004)
    __main_after_scatterload                 0x08000139   Thumb Code     0  entry5.o(.ARM.Collect$$$$00000004)
    _main_clock                              0x08000139   Thumb Code     0  entry7b.o(.ARM.Collect$$$$00000008)
    _main_cpp_init                           0x08000139   Thumb Code     0  entry8b.o(.ARM.Collect$$$$0000000A)
    _main_init                               0x08000139   Thumb Code     0  entry9a.o(.ARM.Collect$$$$0000000B)
    __rt_final_cpp                           0x08000141   Thumb Code     0  entry10a.o(.ARM.Collect$$$$0000000D)
    __rt_final_exit                          0x08000141   Thumb Code     0  entry11a.o(.ARM.Collect$$$$0000000F)
    Reset_Handler                            0x08000145   Thumb Code     8  startup_stm32f10x_hd.o(.text)
    NMI_Handler                              0x0800014d   Thumb Code     2  startup_stm32f10x_hd.o(.text)
    MemManage_Handler                        0x08000151   Thumb Code     2  startup_stm32f10x_hd.o(.text)
    BusFault_Handler                         0x08000153   Thumb Code     2  startup_stm32f10x_hd.o(.text)
    UsageFault_Handler                       0x08000155   Thumb Code     2  startup_stm32f10x_hd.o(.text)
    SVC_Handler                              0x08000157   Thumb Code     2  startup_stm32f10x_hd.o(.text)
    DebugMon_Handler                         0x08000159   Thumb Code     2  startup_stm32f10x_hd.o(.text)
    ADC1_2_IRQHandler                        0x0800015f   Thumb Code     0  startup_stm32f10x_hd.o(.text)
    ADC3_IRQHandler                          0x0800015f   Thumb Code     0  startup_stm32f10x_hd.o(.text)
    CAN1_RX1_IRQHandler                      0x0800015f   Thumb Code     0  startup_stm32f10x_hd.o(.text)
    CAN1_SCE_IRQHandler                      0x0800015f   Thumb Code     0  startup_stm32f10x_hd.o(.text)
    DMA1_Channel1_IRQHandler                 0x0800015f   Thumb Code     0  startup_stm32f10x_hd.o(.text)
    DMA1_Channel2_IRQHandler                 0x0800015f   Thumb Code     0  startup_stm32f10x_hd.o(.text)
    DMA1_Channel3_IRQHandler                 0x0800015f   Thumb Code     0  startup_stm32f10x_hd.o(.text)
    DMA1_Channel4_IRQHandler                 0x0800015f   Thumb Code     0  startup_stm32f10x_hd.o(.text)
    DMA1_Channel5_IRQHandler                 0x0800015f   Thumb Code     0  startup_stm32f10x_hd.o(.text)
    DMA1_Channel6_IRQHandler                 0x0800015f   Thumb Code     0  startup_stm32f10x_hd.o(.text)
    DMA1_Channel7_IRQHandler                 0x0800015f   Thumb Code     0  startup_stm32f10x_hd.o(.text)
    DMA2_Channel1_IRQHandler                 0x0800015f   Thumb Code     0  startup_stm32f10x_hd.o(.text)
    DMA2_Channel2_IRQHandler                 0x0800015f   Thumb Code     0  startup_stm32f10x_hd.o(.text)
    DMA2_Channel3_IRQHandler                 0x0800015f   Thumb Code     0  startup_stm32f10x_hd.o(.text)
    DMA2_Channel4_5_IRQHandler               0x0800015f   Thumb Code     0  startup_stm32f10x_hd.o(.text)
    EXTI0_IRQHandler                         0x0800015f   Thumb Code     0  startup_stm32f10x_hd.o(.text)
    EXTI15_10_IRQHandler                     0x0800015f   Thumb Code     0  startup_stm32f10x_hd.o(.text)
    EXTI1_IRQHandler                         0x0800015f   Thumb Code     0  startup_stm32f10x_hd.o(.text)
    EXTI2_IRQHandler                         0x0800015f   Thumb Code     0  startup_stm32f10x_hd.o(.text)
    EXTI3_IRQHandler                         0x0800015f   Thumb Code     0  startup_stm32f10x_hd.o(.text)
    EXTI4_IRQHandler                         0x0800015f   Thumb Code     0  startup_stm32f10x_hd.o(.text)
    EXTI9_5_IRQHandler                       0x0800015f   Thumb Code     0  startup_stm32f10x_hd.o(.text)
    FLASH_IRQHandler                         0x0800015f   Thumb Code     0  startup_stm32f10x_hd.o(.text)
    FSMC_IRQHandler                          0x0800015f   Thumb Code     0  startup_stm32f10x_hd.o(.text)
    I2C1_ER_IRQHandler                       0x0800015f   Thumb Code     0  startup_stm32f10x_hd.o(.text)
    I2C1_EV_IRQHandler                       0x0800015f   Thumb Code     0  startup_stm32f10x_hd.o(.text)
    I2C2_ER_IRQHandler                       0x0800015f   Thumb Code     0  startup_stm32f10x_hd.o(.text)
    I2C2_EV_IRQHandler                       0x0800015f   Thumb Code     0  startup_stm32f10x_hd.o(.text)
    PVD_IRQHandler                           0x0800015f   Thumb Code     0  startup_stm32f10x_hd.o(.text)
    RCC_IRQHandler                           0x0800015f   Thumb Code     0  startup_stm32f10x_hd.o(.text)
    RTCAlarm_IRQHandler                      0x0800015f   Thumb Code     0  startup_stm32f10x_hd.o(.text)
    RTC_IRQHandler                           0x0800015f   Thumb Code     0  startup_stm32f10x_hd.o(.text)
    SDIO_IRQHandler                          0x0800015f   Thumb Code     0  startup_stm32f10x_hd.o(.text)
    SPI1_IRQHandler                          0x0800015f   Thumb Code     0  startup_stm32f10x_hd.o(.text)
    SPI2_IRQHandler                          0x0800015f   Thumb Code     0  startup_stm32f10x_hd.o(.text)
    SPI3_IRQHandler                          0x0800015f   Thumb Code     0  startup_stm32f10x_hd.o(.text)
    TAMPER_IRQHandler                        0x0800015f   Thumb Code     0  startup_stm32f10x_hd.o(.text)
    TIM1_BRK_IRQHandler                      0x0800015f   Thumb Code     0  startup_stm32f10x_hd.o(.text)
    TIM1_CC_IRQHandler                       0x0800015f   Thumb Code     0  startup_stm32f10x_hd.o(.text)
    TIM1_TRG_COM_IRQHandler                  0x0800015f   Thumb Code     0  startup_stm32f10x_hd.o(.text)
    TIM1_UP_IRQHandler                       0x0800015f   Thumb Code     0  startup_stm32f10x_hd.o(.text)
    TIM2_IRQHandler                          0x0800015f   Thumb Code     0  startup_stm32f10x_hd.o(.text)
    TIM3_IRQHandler                          0x0800015f   Thumb Code     0  startup_stm32f10x_hd.o(.text)
    TIM4_IRQHandler                          0x0800015f   Thumb Code     0  startup_stm32f10x_hd.o(.text)
    TIM5_IRQHandler                          0x0800015f   Thumb Code     0  startup_stm32f10x_hd.o(.text)
    TIM6_IRQHandler                          0x0800015f   Thumb Code     0  startup_stm32f10x_hd.o(.text)
    TIM7_IRQHandler                          0x0800015f   Thumb Code     0  startup_stm32f10x_hd.o(.text)
    TIM8_BRK_IRQHandler                      0x0800015f   Thumb Code     0  startup_stm32f10x_hd.o(.text)
    TIM8_CC_IRQHandler                       0x0800015f   Thumb Code     0  startup_stm32f10x_hd.o(.text)
    TIM8_TRG_COM_IRQHandler                  0x0800015f   Thumb Code     0  startup_stm32f10x_hd.o(.text)
    TIM8_UP_IRQHandler                       0x0800015f   Thumb Code     0  startup_stm32f10x_hd.o(.text)
    UART4_IRQHandler                         0x0800015f   Thumb Code     0  startup_stm32f10x_hd.o(.text)
    UART5_IRQHandler                         0x0800015f   Thumb Code     0  startup_stm32f10x_hd.o(.text)
    USART1_IRQHandler                        0x0800015f   Thumb Code     0  startup_stm32f10x_hd.o(.text)
    USBWakeUp_IRQHandler                     0x0800015f   Thumb Code     0  startup_stm32f10x_hd.o(.text)
    USB_HP_CAN1_TX_IRQHandler                0x0800015f   Thumb Code     0  startup_stm32f10x_hd.o(.text)
    USB_LP_CAN1_RX0_IRQHandler               0x0800015f   Thumb Code     0  startup_stm32f10x_hd.o(.text)
    WWDG_IRQHandler                          0x0800015f   Thumb Code     0  startup_stm32f10x_hd.o(.text)
    SystemInit                               0x08000247   Thumb Code    78  system_stm32f10x.o(.text)
    SystemCoreClockUpdate                    0x08000295   Thumb Code   142  system_stm32f10x.o(.text)
    NVIC_PriorityGroupConfig                 0x08000349   Thumb Code    10  misc.o(.text)
    NVIC_Init                                0x08000353   Thumb Code   100  misc.o(.text)
    NVIC_SetVectorTable                      0x080003b7   Thumb Code    14  misc.o(.text)
    NVIC_SystemLPConfig                      0x080003c5   Thumb Code    34  misc.o(.text)
    SysTick_CLKSourceConfig                  0x080003e7   Thumb Code    40  misc.o(.text)
    DMA_DeInit                               0x08000425   Thumb Code   324  stm32f10x_dma.o(.text)
    DMA_Init                                 0x08000569   Thumb Code    60  stm32f10x_dma.o(.text)
    DMA_StructInit                           0x080005a5   Thumb Code    26  stm32f10x_dma.o(.text)
    DMA_Cmd                                  0x080005bf   Thumb Code    24  stm32f10x_dma.o(.text)
    DMA_ITConfig                             0x080005d7   Thumb Code    18  stm32f10x_dma.o(.text)
    DMA_SetCurrDataCounter                   0x080005e9   Thumb Code     4  stm32f10x_dma.o(.text)
    DMA_GetCurrDataCounter                   0x080005ed   Thumb Code     8  stm32f10x_dma.o(.text)
    DMA_GetFlagStatus                        0x080005f5   Thumb Code    40  stm32f10x_dma.o(.text)
    DMA_ClearFlag                            0x0800061d   Thumb Code    22  stm32f10x_dma.o(.text)
    DMA_GetITStatus                          0x08000633   Thumb Code    40  stm32f10x_dma.o(.text)
    DMA_ClearITPendingBit                    0x0800065b   Thumb Code    22  stm32f10x_dma.o(.text)
    GPIO_DeInit                              0x08000679   Thumb Code   172  stm32f10x_gpio.o(.text)
    GPIO_AFIODeInit                          0x08000725   Thumb Code    20  stm32f10x_gpio.o(.text)
    GPIO_Init                                0x08000739   Thumb Code   278  stm32f10x_gpio.o(.text)
    GPIO_StructInit                          0x0800084f   Thumb Code    16  stm32f10x_gpio.o(.text)
    GPIO_ReadInputDataBit                    0x0800085f   Thumb Code    18  stm32f10x_gpio.o(.text)
    GPIO_ReadInputData                       0x08000871   Thumb Code     8  stm32f10x_gpio.o(.text)
    GPIO_ReadOutputDataBit                   0x08000879   Thumb Code    18  stm32f10x_gpio.o(.text)
    GPIO_ReadOutputData                      0x0800088b   Thumb Code     8  stm32f10x_gpio.o(.text)
    GPIO_SetBits                             0x08000893   Thumb Code     4  stm32f10x_gpio.o(.text)
    GPIO_ResetBits                           0x08000897   Thumb Code     4  stm32f10x_gpio.o(.text)
    GPIO_WriteBit                            0x0800089b   Thumb Code    10  stm32f10x_gpio.o(.text)
    GPIO_Write                               0x080008a5   Thumb Code     4  stm32f10x_gpio.o(.text)
    GPIO_PinLockConfig                       0x080008a9   Thumb Code    18  stm32f10x_gpio.o(.text)
    GPIO_EventOutputConfig                   0x080008bb   Thumb Code    26  stm32f10x_gpio.o(.text)
    GPIO_EventOutputCmd                      0x080008d5   Thumb Code     6  stm32f10x_gpio.o(.text)
    GPIO_PinRemapConfig                      0x080008db   Thumb Code   138  stm32f10x_gpio.o(.text)
    GPIO_EXTILineConfig                      0x08000965   Thumb Code    66  stm32f10x_gpio.o(.text)
    GPIO_ETH_MediaInterfaceConfig            0x080009a7   Thumb Code     8  stm32f10x_gpio.o(.text)
    RCC_DeInit                               0x080009d5   Thumb Code    64  stm32f10x_rcc.o(.text)
    RCC_HSEConfig                            0x08000a15   Thumb Code    70  stm32f10x_rcc.o(.text)
    RCC_GetFlagStatus                        0x08000a5b   Thumb Code    56  stm32f10x_rcc.o(.text)
    RCC_WaitForHSEStartUp                    0x08000a93   Thumb Code    56  stm32f10x_rcc.o(.text)
    RCC_AdjustHSICalibrationValue            0x08000acb   Thumb Code    20  stm32f10x_rcc.o(.text)
    RCC_HSICmd                               0x08000adf   Thumb Code     6  stm32f10x_rcc.o(.text)
    RCC_PLLConfig                            0x08000ae5   Thumb Code    24  stm32f10x_rcc.o(.text)
    RCC_PLLCmd                               0x08000afd   Thumb Code     6  stm32f10x_rcc.o(.text)
    RCC_SYSCLKConfig                         0x08000b03   Thumb Code    18  stm32f10x_rcc.o(.text)
    RCC_GetSYSCLKSource                      0x08000b15   Thumb Code    10  stm32f10x_rcc.o(.text)
    RCC_HCLKConfig                           0x08000b1f   Thumb Code    18  stm32f10x_rcc.o(.text)
    RCC_PCLK1Config                          0x08000b31   Thumb Code    18  stm32f10x_rcc.o(.text)
    RCC_PCLK2Config                          0x08000b43   Thumb Code    20  stm32f10x_rcc.o(.text)
    RCC_ITConfig                             0x08000b57   Thumb Code    26  stm32f10x_rcc.o(.text)
    RCC_USBCLKConfig                         0x08000b71   Thumb Code     8  stm32f10x_rcc.o(.text)
    RCC_ADCCLKConfig                         0x08000b79   Thumb Code    18  stm32f10x_rcc.o(.text)
    RCC_LSEConfig                            0x08000b8b   Thumb Code    50  stm32f10x_rcc.o(.text)
    RCC_LSICmd                               0x08000bbd   Thumb Code     6  stm32f10x_rcc.o(.text)
    RCC_RTCCLKConfig                         0x08000bc3   Thumb Code    12  stm32f10x_rcc.o(.text)
    RCC_RTCCLKCmd                            0x08000bcf   Thumb Code     8  stm32f10x_rcc.o(.text)
    RCC_GetClocksFreq                        0x08000bd7   Thumb Code   192  stm32f10x_rcc.o(.text)
    RCC_AHBPeriphClockCmd                    0x08000c97   Thumb Code    26  stm32f10x_rcc.o(.text)
    RCC_APB2PeriphClockCmd                   0x08000cb1   Thumb Code    26  stm32f10x_rcc.o(.text)
    RCC_APB1PeriphClockCmd                   0x08000ccb   Thumb Code    26  stm32f10x_rcc.o(.text)
    RCC_APB2PeriphResetCmd                   0x08000ce5   Thumb Code    26  stm32f10x_rcc.o(.text)
    RCC_APB1PeriphResetCmd                   0x08000cff   Thumb Code    26  stm32f10x_rcc.o(.text)
    RCC_BackupResetCmd                       0x08000d19   Thumb Code     8  stm32f10x_rcc.o(.text)
    RCC_ClockSecuritySystemCmd               0x08000d21   Thumb Code     6  stm32f10x_rcc.o(.text)
    RCC_MCOConfig                            0x08000d27   Thumb Code     6  stm32f10x_rcc.o(.text)
    RCC_ClearFlag                            0x08000d2d   Thumb Code    14  stm32f10x_rcc.o(.text)
    RCC_GetITStatus                          0x08000d3b   Thumb Code    20  stm32f10x_rcc.o(.text)
    RCC_ClearITPendingBit                    0x08000d4f   Thumb Code     6  stm32f10x_rcc.o(.text)
    USART_DeInit                             0x08000d79   Thumb Code   134  stm32f10x_usart.o(.text)
    USART_Init                               0x08000dff   Thumb Code   210  stm32f10x_usart.o(.text)
    USART_StructInit                         0x08000ed1   Thumb Code    24  stm32f10x_usart.o(.text)
    USART_ClockInit                          0x08000ee9   Thumb Code    34  stm32f10x_usart.o(.text)
    USART_ClockStructInit                    0x08000f0b   Thumb Code    12  stm32f10x_usart.o(.text)
    USART_Cmd                                0x08000f17   Thumb Code    24  stm32f10x_usart.o(.text)
    USART_ITConfig                           0x08000f2f   Thumb Code    74  stm32f10x_usart.o(.text)
    USART_DMACmd                             0x08000f79   Thumb Code    18  stm32f10x_usart.o(.text)
    USART_SetAddress                         0x08000f8b   Thumb Code    18  stm32f10x_usart.o(.text)
    USART_WakeUpConfig                       0x08000f9d   Thumb Code    18  stm32f10x_usart.o(.text)
    USART_ReceiverWakeUpCmd                  0x08000faf   Thumb Code    24  stm32f10x_usart.o(.text)
    USART_LINBreakDetectLengthConfig         0x08000fc7   Thumb Code    18  stm32f10x_usart.o(.text)
    USART_LINCmd                             0x08000fd9   Thumb Code    24  stm32f10x_usart.o(.text)
    USART_SendData                           0x08000ff1   Thumb Code     8  stm32f10x_usart.o(.text)
    USART_ReceiveData                        0x08000ff9   Thumb Code    10  stm32f10x_usart.o(.text)
    USART_SendBreak                          0x08001003   Thumb Code    10  stm32f10x_usart.o(.text)
    USART_SetGuardTime                       0x0800100d   Thumb Code    16  stm32f10x_usart.o(.text)
    USART_SetPrescaler                       0x0800101d   Thumb Code    16  stm32f10x_usart.o(.text)
    USART_SmartCardCmd                       0x0800102d   Thumb Code    24  stm32f10x_usart.o(.text)
    USART_SmartCardNACKCmd                   0x08001045   Thumb Code    24  stm32f10x_usart.o(.text)
    USART_HalfDuplexCmd                      0x0800105d   Thumb Code    24  stm32f10x_usart.o(.text)
    USART_OverSampling8Cmd                   0x08001075   Thumb Code    22  stm32f10x_usart.o(.text)
    USART_OneBitMethodCmd                    0x0800108b   Thumb Code    24  stm32f10x_usart.o(.text)
    USART_IrDAConfig                         0x080010a3   Thumb Code    18  stm32f10x_usart.o(.text)
    USART_IrDACmd                            0x080010b5   Thumb Code    24  stm32f10x_usart.o(.text)
    USART_GetFlagStatus                      0x080010cd   Thumb Code    26  stm32f10x_usart.o(.text)
    USART_ClearFlag                          0x080010e7   Thumb Code    18  stm32f10x_usart.o(.text)
    USART_GetITStatus                        0x080010f9   Thumb Code    84  stm32f10x_usart.o(.text)
    USART_ClearITPendingBit                  0x0800114d   Thumb Code    52  stm32f10x_usart.o(.text)
    Find_string                              0x08001181   Thumb Code    76  main.o(.text)
    Str_To_ASC                               0x08001241   Thumb Code   548  main.o(.text)
    connected_IP                             0x08001465   Thumb Code   168  main.o(.text)
    send_MQTT                                0x0800150d   Thumb Code   568  main.o(.text)
    $Super$$main                             0x0800182b   Thumb Code   272  main.o(.text)
    rt_heap_begin_get                        0x08001ad9   Thumb Code     4  board.o(.text)
    rt_heap_end_get                          0x08001add   Thumb Code     4  board.o(.text)
    rt_hw_board_init                         0x08001ae1   Thumb Code   134  board.o(.text)
    SysTick_Handler                          0x08001b67   Thumb Code    16  board.o(.text)
    rt_hw_console_output                     0x08001b77   Thumb Code    74  board.o(.text)
    LED_GPIO_Config                          0x08001bd9   Thumb Code    90  bsp_led.o(.text)
    USART_Config                             0x08001c39   Thumb Code   120  bsp_usart.o(.text)
    Usart_SendByte                           0x08001cb1   Thumb Code    30  bsp_usart.o(.text)
    Usart_SendArray                          0x08001ccf   Thumb Code    48  bsp_usart.o(.text)
    Usart_SendString                         0x08001cff   Thumb Code    42  bsp_usart.o(.text)
    Usart_SendHalfWord                       0x08001d29   Thumb Code    60  bsp_usart.o(.text)
    fputc                                    0x08001d65   Thumb Code    32  bsp_usart.o(.text)
    fgetc                                    0x08001d85   Thumb Code    26  bsp_usart.o(.text)
    Key_GPIO_Config                          0x08001da9   Thumb Code    52  bsp_key.o(.text)
    Key_Scan                                 0x08001ddd   Thumb Code    38  bsp_key.o(.text)
    USART2_Config                            0x08001e31   Thumb Code   142  bsp_usart2.o(.text)
    USART2_DMA_Config                        0x08001ebf   Thumb Code    98  bsp_usart2.o(.text)
    Uart2_DMA_Rx_Data                        0x08001f21   Thumb Code    46  bsp_usart2.o(.text)
    USART2_IRQHandler                        0x08001f4f   Thumb Code    44  bsp_usart2.o(.text)
    Usart2_SendByte                          0x08001f7b   Thumb Code    30  bsp_usart2.o(.text)
    Usart2_SendArray                         0x08001f99   Thumb Code    48  bsp_usart2.o(.text)
    Usart2_SendString                        0x08001fc9   Thumb Code    42  bsp_usart2.o(.text)
    uart2_send_char                          0x08001ff3   Thumb Code    28  bsp_usart2.o(.text)
    uart2_send_buff                          0x0800200f   Thumb Code    36  bsp_usart2.o(.text)
    Usart2_SendHalfWord                      0x08002033   Thumb Code    60  bsp_usart2.o(.text)
    NBiot_SendCmd                            0x0800206f   Thumb Code   128  bsp_usart2.o(.text)
    NBiot_Init                               0x080020ef   Thumb Code    34  bsp_usart2.o(.text)
    USART3_Config                            0x080021d5   Thumb Code   146  bsp_usart3.o(.text)
    USART3_DMA_Config                        0x08002267   Thumb Code    98  bsp_usart3.o(.text)
    Uart3_DMA_Rx_Data                        0x080022c9   Thumb Code    46  bsp_usart3.o(.text)
    USART3_IRQHandler                        0x080022f7   Thumb Code    26  bsp_usart3.o(.text)
    Usart3_SendByte                          0x08002311   Thumb Code    30  bsp_usart3.o(.text)
    Usart3_SendArray                         0x0800232f   Thumb Code    48  bsp_usart3.o(.text)
    Usart3_SendString                        0x0800235f   Thumb Code    42  bsp_usart3.o(.text)
    Usart3_SendHalfWord                      0x08002389   Thumb Code    60  bsp_usart3.o(.text)
    rt_system_tick_init                      0x080023d9   Thumb Code     2  clock.o(.text)
    rt_tick_get                              0x080023db   Thumb Code     6  clock.o(.text)
    rt_tick_set                              0x080023e1   Thumb Code    22  clock.o(.text)
    rt_tick_increase                         0x080023f7   Thumb Code    42  clock.o(.text)
    rt_tick_from_millisecond                 0x08002421   Thumb Code    32  clock.o(.text)
    rt_components_board_init                 0x08002455   Thumb Code    20  components.o(.text)
    rt_components_init                       0x08002469   Thumb Code    20  components.o(.text)
    main_thread_entry                        0x0800247d   Thumb Code    14  components.o(.text)
    rt_application_init                      0x0800248b   Thumb Code    34  components.o(.text)
    rtthread_startup                         0x080024ad   Thumb Code    42  components.o(.text)
    main                                     0x080024d7   Thumb Code    14  components.o(.text)
    rt_thread_idle_excute                    0x080024f9   Thumb Code   128  idle.o(.text)
    rt_thread_idle_init                      0x08002581   Thumb Code    38  idle.o(.text)
    rt_thread_idle_gethandler                0x080025a7   Thumb Code     4  idle.o(.text)
    rt_sem_init                              0x08002681   Thumb Code    38  ipc.o(.text)
    rt_sem_detach                            0x080026a7   Thumb Code    22  ipc.o(.text)
    rt_sem_create                            0x080026bd   Thumb Code    42  ipc.o(.text)
    rt_sem_delete                            0x080026e7   Thumb Code    22  ipc.o(.text)
    rt_sem_take                              0x080026fd   Thumb Code   116  ipc.o(.text)
    rt_sem_trytake                           0x08002771   Thumb Code    14  ipc.o(.text)
    rt_sem_release                           0x0800277f   Thumb Code    58  ipc.o(.text)
    rt_sem_control                           0x080027b9   Thumb Code    54  ipc.o(.text)
    rt_mb_init                               0x080027ef   Thumb Code    62  ipc.o(.text)
    rt_mb_detach                             0x0800282d   Thumb Code    30  ipc.o(.text)
    rt_mb_create                             0x0800284b   Thumb Code    82  ipc.o(.text)
    rt_mb_delete                             0x0800289d   Thumb Code    36  ipc.o(.text)
    rt_mb_send_wait                          0x080028c1   Thumb Code   246  ipc.o(.text)
    rt_mb_send                               0x080029b7   Thumb Code    18  ipc.o(.text)
    rt_mb_recv                               0x080029c9   Thumb Code   244  ipc.o(.text)
    rt_mb_control                            0x08002abd   Thumb Code    66  ipc.o(.text)
    rt_interrupt_enter                       0x08002b39   Thumb Code    26  irq.o(.text)
    rt_interrupt_leave                       0x08002b53   Thumb Code    26  irq.o(.text)
    rt_interrupt_get_nest                    0x08002b6d   Thumb Code     6  irq.o(.text)
    rt_get_errno                             0x08002b79   Thumb Code    32  kservice.o(.text)
    rt_set_errno                             0x08002b99   Thumb Code    36  kservice.o(.text)
    _rt_errno                                0x08002bbd   Thumb Code    30  kservice.o(.text)
    rt_memset                                0x08002bdb   Thumb Code    72  kservice.o(.text)
    rt_memcpy                                0x08002c23   Thumb Code   124  kservice.o(.text)
    rt_memmove                               0x08002c9f   Thumb Code    66  kservice.o(.text)
    rt_memcmp                                0x08002ce1   Thumb Code    38  kservice.o(.text)
    rt_strlen                                0x08002d07   Thumb Code    18  kservice.o(.text)
    rt_strstr                                0x08002d19   Thumb Code    58  kservice.o(.text)
    rt_strcasecmp                            0x08002d53   Thumb Code    48  kservice.o(.text)
    rt_strncpy                               0x08002d83   Thumb Code    52  kservice.o(.text)
    rt_strncmp                               0x08002db7   Thumb Code    40  kservice.o(.text)
    rt_strcmp                                0x08002ddf   Thumb Code    28  kservice.o(.text)
    rt_strnlen                               0x08002dfb   Thumb Code    24  kservice.o(.text)
    rt_strdup                                0x08002e13   Thumb Code    40  kservice.o(.text)
    rt_vsnprintf                             0x08002ff3   Thumb Code   800  kservice.o(.text)
    rt_kprintf                               0x08003313   Thumb Code    44  kservice.o(.text)
    rt_show_version                          0x0800333f   Thumb Code    38  kservice.o(.text)
    rt_snprintf                              0x08003365   Thumb Code    38  kservice.o(.text)
    rt_vsprintf                              0x0800338b   Thumb Code    22  kservice.o(.text)
    rt_sprintf                               0x080033a1   Thumb Code    34  kservice.o(.text)
    rt_kputs                                 0x080033c3   Thumb Code    18  kservice.o(.text)
    rt_malloc_align                          0x080033d5   Thumb Code    66  kservice.o(.text)
    rt_free_align                            0x08003417   Thumb Code    16  kservice.o(.text)
    __rt_ffs                                 0x08003427   Thumb Code    70  kservice.o(.text)
    rt_system_heap_init                      0x08003571   Thumb Code   160  mem.o(.text)
    rt_malloc                                0x08003611   Thumb Code   336  mem.o(.text)
    rt_free                                  0x08003761   Thumb Code   128  mem.o(.text)
    rt_realloc                               0x080037e1   Thumb Code   448  mem.o(.text)
    rt_calloc                                0x080039a1   Thumb Code    34  mem.o(.text)
    rt_memory_info                           0x080039c3   Thumb Code    26  mem.o(.text)
    rt_system_object_init                    0x08003a09   Thumb Code     2  object.o(.text)
    rt_object_get_information                0x08003a0b   Thumb Code    36  object.o(.text)
    rt_object_init                           0x08003a2f   Thumb Code    60  object.o(.text)
    rt_object_detach                         0x08003a6b   Thumb Code    26  object.o(.text)
    rt_object_allocate                       0x08003a85   Thumb Code    74  object.o(.text)
    rt_object_delete                         0x08003acf   Thumb Code    32  object.o(.text)
    rt_object_is_systemobject                0x08003aef   Thumb Code    18  object.o(.text)
    rt_object_find                           0x08003b01   Thumb Code    86  object.o(.text)
    rt_system_scheduler_init                 0x08003b5d   Thumb Code    52  scheduler.o(.text)
    rt_system_scheduler_start                0x08003b91   Thumb Code    36  scheduler.o(.text)
    rt_schedule                              0x08003bb5   Thumb Code   118  scheduler.o(.text)
    rt_schedule_insert_thread                0x08003c2b   Thumb Code    72  scheduler.o(.text)
    rt_schedule_remove_thread                0x08003c73   Thumb Code    76  scheduler.o(.text)
    rt_enter_critical                        0x08003cbf   Thumb Code    28  scheduler.o(.text)
    rt_exit_critical                         0x08003cdb   Thumb Code    54  scheduler.o(.text)
    rt_critical_level                        0x08003d11   Thumb Code     8  scheduler.o(.text)
    rt_thread_exit                           0x08003d5d   Thumb Code    76  thread.o(.text)
    rt_thread_timeout                        0x08003da9   Thumb Code    32  thread.o(.text)
    rt_thread_init                           0x08003e49   Thumb Code    52  thread.o(.text)
    rt_thread_self                           0x08003e7d   Thumb Code     6  thread.o(.text)
    rt_thread_resume                         0x08003e83   Thumb Code    60  thread.o(.text)
    rt_thread_startup                        0x08003ebf   Thumb Code    44  thread.o(.text)
    rt_thread_detach                         0x08003eeb   Thumb Code    70  thread.o(.text)
    rt_thread_create                         0x08003f31   Thumb Code    80  thread.o(.text)
    rt_thread_delete                         0x08003f81   Thumb Code    60  thread.o(.text)
    rt_thread_yield                          0x08003fbd   Thumb Code    92  thread.o(.text)
    rt_thread_suspend                        0x08004019   Thumb Code    68  thread.o(.text)
    rt_thread_sleep                          0x0800405d   Thumb Code    62  thread.o(.text)
    rt_thread_delay                          0x0800409b   Thumb Code    12  thread.o(.text)
    rt_thread_control                        0x080040a7   Thumb Code   118  thread.o(.text)
    rt_thread_find                           0x0800411d   Thumb Code    94  thread.o(.text)
    rt_timer_init                            0x08004217   Thumb Code    46  timer.o(.text)
    rt_timer_detach                          0x08004245   Thumb Code    32  timer.o(.text)
    rt_timer_create                          0x08004265   Thumb Code    54  timer.o(.text)
    rt_timer_delete                          0x0800429b   Thumb Code    32  timer.o(.text)
    rt_timer_start                           0x080042bb   Thumb Code   238  timer.o(.text)
    rt_timer_stop                            0x080043a9   Thumb Code    48  timer.o(.text)
    rt_timer_control                         0x080043d9   Thumb Code    56  timer.o(.text)
    rt_timer_check                           0x08004411   Thumb Code   118  timer.o(.text)
    rt_timer_next_timeout_tick               0x08004487   Thumb Code    10  timer.o(.text)
    rt_system_timer_init                     0x08004491   Thumb Code    24  timer.o(.text)
    rt_system_timer_thread_init              0x080044a9   Thumb Code     2  timer.o(.text)
    rt_hw_interrupt_disable                  0x080044c9   Thumb Code     8  context_rvds.o(.text)
    rt_hw_interrupt_enable                   0x080044d1   Thumb Code     6  context_rvds.o(.text)
    rt_hw_context_switch                     0x080044d7   Thumb Code    32  context_rvds.o(.text)
    rt_hw_context_switch_interrupt           0x080044d7   Thumb Code     0  context_rvds.o(.text)
    PendSV_Handler                           0x080044f7   Thumb Code    60  context_rvds.o(.text)
    rt_hw_context_switch_to                  0x08004533   Thumb Code    58  context_rvds.o(.text)
    rt_hw_interrupt_thread_switch            0x0800456d   Thumb Code     2  context_rvds.o(.text)
    HardFault_Handler                        0x0800456f   Thumb Code    48  context_rvds.o(.text)
    rt_hw_stack_init                         0x080045b9   Thumb Code    70  cpuport.o(.text)
    rt_hw_exception_install                  0x080045ff   Thumb Code     6  cpuport.o(.text)
    rt_hw_hard_fault_exception               0x08004605   Thumb Code   190  cpuport.o(.text)
    rt_hw_cpu_shutdown                       0x080046c3   Thumb Code    10  cpuport.o(.text)
    __rt_ctype_table                         0x08004821   Thumb Code     4  ctype_o.o(.text)
    __aeabi_memcpy                           0x08004829   Thumb Code    36  memcpya.o(.text)
    __aeabi_memcpy4                          0x08004829   Thumb Code     0  memcpya.o(.text)
    __aeabi_memcpy8                          0x08004829   Thumb Code     0  memcpya.o(.text)
    __aeabi_memset                           0x0800484d   Thumb Code    14  memseta.o(.text)
    __aeabi_memset4                          0x0800484d   Thumb Code     0  memseta.o(.text)
    __aeabi_memset8                          0x0800484d   Thumb Code     0  memseta.o(.text)
    __aeabi_memclr                           0x0800485b   Thumb Code     4  memseta.o(.text)
    __aeabi_memclr4                          0x0800485b   Thumb Code     0  memseta.o(.text)
    __aeabi_memclr8                          0x0800485b   Thumb Code     0  memseta.o(.text)
    _memset$wrapper                          0x0800485f   Thumb Code    18  memseta.o(.text)
    strcat                                   0x08004871   Thumb Code    24  strcat.o(.text)
    strstr                                   0x08004889   Thumb Code    36  strstr.o(.text)
    strlen                                   0x080048ad   Thumb Code    14  strlen.o(.text)
    strcmp                                   0x080048bb   Thumb Code    28  strcmp.o(.text)
    strcpy                                   0x080048d7   Thumb Code    18  strcpy.o(.text)
    __aeabi_uidiv                            0x080048e9   Thumb Code     0  uidiv.o(.text)
    __aeabi_uidivmod                         0x080048e9   Thumb Code    44  uidiv.o(.text)
    __scatterload                            0x08004915   Thumb Code    28  init.o(.text)
    __scatterload_rt2                        0x08004915   Thumb Code     0  init.o(.text)
    __0printf$3                              0x08004939   Thumb Code    22  printf3.o(i.__0printf$3)
    __1printf$3                              0x08004939   Thumb Code     0  printf3.o(i.__0printf$3)
    __2printf                                0x08004939   Thumb Code     0  printf3.o(i.__0printf$3)
    __0sprintf$3                             0x08004959   Thumb Code    34  printf3.o(i.__0sprintf$3)
    __1sprintf$3                             0x08004959   Thumb Code     0  printf3.o(i.__0sprintf$3)
    __2sprintf                               0x08004959   Thumb Code     0  printf3.o(i.__0sprintf$3)
    __scatterload_copy                       0x08004981   Thumb Code    14  handlers.o(i.__scatterload_copy)
    __scatterload_null                       0x0800498f   Thumb Code     2  handlers.o(i.__scatterload_null)
    __scatterload_zeroinit                   0x08004991   Thumb Code    14  handlers.o(i.__scatterload_zeroinit)
    __lowest_bit_bitmap                      0x08004b62   Data         256  kservice.o(.constdata)
    __ctype_table                            0x08004c84   Data         129  ctype_o.o(.constdata)
    __rt_init_rti_start                      0x08004d2c   Data           4  components.o(.rti_fn.0)
    __rt_init_rti_board_start                0x08004d30   Data           4  components.o(.rti_fn.0.end)
    __rt_init_rti_board_end                  0x08004d34   Data           4  components.o(.rti_fn.1.end)
    __rt_init_rti_end                        0x08004d38   Data           4  components.o(.rti_fn.6.end)
    Region$$Table$$Base                      0x08004d3c   Number         0  anon$$obj.o(Region$$Table)
    Region$$Table$$Limit                     0x08004d5c   Number         0  anon$$obj.o(Region$$Table)
    SystemCoreClock                          0x20000000   Data           4  system_stm32f10x.o(.data)
    AHBPrescTable                            0x20000004   Data          16  system_stm32f10x.o(.data)
    test_sem2                                0x20000038   Data           4  main.o(.data)
    test_sem3                                0x2000003c   Data           4  main.o(.data)
    CSQ_sem                                  0x20000040   Data           4  main.o(.data)
    TOPIC                                    0x20000044   Data           4  main.o(.data)
    error_flag                               0x20000048   Data           4  main.o(.data)
    error_time                               0x2000004c   Data           4  main.o(.data)
    empty                                    0x20000050   Data           4  main.o(.data)
    rt_interrupt_nest                        0x20000058   Data           1  irq.o(.data)
    rt_current_thread                        0x200000bc   Data           4  scheduler.o(.data)
    rt_current_priority                      0x200000c0   Data           1  scheduler.o(.data)
    rt_thread_ready_priority_group           0x200000c4   Data           4  scheduler.o(.data)
    rt_thread_defunct                        0x200000c8   Data           8  scheduler.o(.data)
    rt_interrupt_from_thread                 0x200000dc   Data           4  cpuport.o(.data)
    rt_interrupt_to_thread                   0x200000e0   Data           4  cpuport.o(.data)
    rt_thread_switch_interrupt_flag          0x200000e4   Data           4  cpuport.o(.data)
    __stdout                                 0x200000ec   Data           4  stdout.o(.data)
    ALL_message                              0x200000f0   Data         700  main.o(.bss)
    Find_msg                                 0x200003ac   Data          50  main.o(.bss)
    Usart2_Rx_Buf                            0x2000144c   Data        1000  bsp_usart2.o(.bss)
    Usart3_Rx_Buf                            0x20001834   Data        1000  bsp_usart3.o(.bss)
    rt_thread_priority_table                 0x20001e34   Data          64  scheduler.o(.bss)
    __initial_sp                             0x20002278   Data           0  startup_stm32f10x_hd.o(STACK)



==============================================================================

Memory Map of the image

  Image Entry point : 0x08000131

  Load Region LR_IROM1 (Base: 0x08000000, Size: 0x00004e4c, Max: 0x00080000, ABSOLUTE)

    Execution Region ER_IROM1 (Base: 0x08000000, Size: 0x00004d5c, Max: 0x00080000, ABSOLUTE)

    Base Addr    Size         Type   Attr      Idx    E Section Name        Object

    0x08000000   0x00000130   Data   RO            3    RESET               startup_stm32f10x_hd.o
    0x08000130   0x00000000   Code   RO          853  * .ARM.Collect$$$$00000000  mc_w.l(entry.o)
    0x08000130   0x00000004   Code   RO         1161    .ARM.Collect$$$$00000001  mc_w.l(entry2.o)
    0x08000134   0x00000004   Code   RO         1164    .ARM.Collect$$$$00000004  mc_w.l(entry5.o)
    0x08000138   0x00000000   Code   RO         1166    .ARM.Collect$$$$00000008  mc_w.l(entry7b.o)
    0x08000138   0x00000000   Code   RO         1168    .ARM.Collect$$$$0000000A  mc_w.l(entry8b.o)
    0x08000138   0x00000008   Code   RO         1169    .ARM.Collect$$$$0000000B  mc_w.l(entry9a.o)
    0x08000140   0x00000000   Code   RO         1171    .ARM.Collect$$$$0000000D  mc_w.l(entry10a.o)
    0x08000140   0x00000000   Code   RO         1173    .ARM.Collect$$$$0000000F  mc_w.l(entry11a.o)
    0x08000140   0x00000004   Code   RO         1162    .ARM.Collect$$$$00002712  mc_w.l(entry2.o)
    0x08000144   0x00000024   Code   RO            4    .text               startup_stm32f10x_hd.o
    0x08000168   0x000001e0   Code   RO           24    .text               system_stm32f10x.o
    0x08000348   0x000000dc   Code   RO           94    .text               misc.o
    0x08000424   0x00000254   Code   RO          212    .text               stm32f10x_dma.o
    0x08000678   0x0000035c   Code   RO          263    .text               stm32f10x_gpio.o
    0x080009d4   0x000003a4   Code   RO          314    .text               stm32f10x_rcc.o
    0x08000d78   0x00000408   Code   RO          379    .text               stm32f10x_usart.o
    0x08001180   0x00000958   Code   RO          403    .text               main.o
    0x08001ad8   0x00000100   Code   RO          512    .text               board.o
    0x08001bd8   0x00000060   Code   RO          533    .text               bsp_led.o
    0x08001c38   0x00000170   Code   RO          545    .text               bsp_usart.o
    0x08001da8   0x00000060   Code   RO          557    .text               bsp_key.o
    0x08001e08   0x000003a4   Code   RO          569    .text               bsp_usart2.o
    0x080021ac   0x0000022c   Code   RO          585    .text               bsp_usart3.o
    0x080023d8   0x0000006c   Code   RO          613    .text               clock.o
    0x08002444   0x000000b4   Code   RO          633    .text               components.o
    0x080024f8   0x000000dc   Code   RO          657    .text               idle.o
    0x080025d4   0x00000564   Code   RO          675    .text               ipc.o
    0x08002b38   0x00000040   Code   RO          690    .text               irq.o
    0x08002b78   0x0000098c   Code   RO          705    .text               kservice.o
    0x08003504   0x000004e4   Code   RO          722    .text               mem.o
    0x080039e8   0x00000174   Code   RO          749    .text               object.o
    0x08003b5c   0x000001e0   Code   RO          766    .text               scheduler.o
    0x08003d3c   0x0000043e   Code   RO          801    .text               thread.o
    0x0800417a   0x00000002   PAD
    0x0800417c   0x0000034c   Code   RO          817    .text               timer.o
    0x080044c8   0x000000f0   Code   RO          834    .text               context_rvds.o
    0x080045b8   0x00000268   Code   RO          838    .text               cpuport.o
    0x08004820   0x00000008   Code   RO          856    .text               mc_w.l(ctype_o.o)
    0x08004828   0x00000024   Code   RO          884    .text               mc_w.l(memcpya.o)
    0x0800484c   0x00000024   Code   RO          886    .text               mc_w.l(memseta.o)
    0x08004870   0x00000018   Code   RO          888    .text               mc_w.l(strcat.o)
    0x08004888   0x00000024   Code   RO          890    .text               mc_w.l(strstr.o)
    0x080048ac   0x0000000e   Code   RO          892    .text               mc_w.l(strlen.o)
    0x080048ba   0x0000001c   Code   RO          894    .text               mc_w.l(strcmp.o)
    0x080048d6   0x00000012   Code   RO          896    .text               mc_w.l(strcpy.o)
    0x080048e8   0x0000002c   Code   RO         1176    .text               mc_w.l(uidiv.o)
    0x08004914   0x00000024   Code   RO         1191    .text               mc_w.l(init.o)
    0x08004938   0x00000020   Code   RO          989    i.__0printf$3       mc_w.l(printf3.o)
    0x08004958   0x00000028   Code   RO          991    i.__0sprintf$3      mc_w.l(printf3.o)
    0x08004980   0x0000000e   Code   RO         1203    i.__scatterload_copy  mc_w.l(handlers.o)
    0x0800498e   0x00000002   Code   RO         1204    i.__scatterload_null  mc_w.l(handlers.o)
    0x08004990   0x0000000e   Code   RO         1205    i.__scatterload_zeroinit  mc_w.l(handlers.o)
    0x0800499e   0x00000002   PAD
    0x080049a0   0x000001b8   Code   RO          996    i._printf_core      mc_w.l(printf3.o)
    0x08004b58   0x0000000a   Code   RO          998    i._sputc            mc_w.l(printf3.o)
    0x08004b62   0x00000122   Data   RO          707    .constdata          kservice.o
    0x08004c84   0x00000081   Data   RO          857    .constdata          mc_w.l(ctype_o.o)
    0x08004d05   0x00000003   PAD
    0x08004d08   0x00000004   Data   RO          858    .constdata          mc_w.l(ctype_o.o)
    0x08004d0c   0x0000001d   Data   RO          405    .conststring        main.o
    0x08004d29   0x00000003   PAD
    0x08004d2c   0x00000004   Data   RO          634    .rti_fn.0           components.o
    0x08004d30   0x00000004   Data   RO          635    .rti_fn.0.end       components.o
    0x08004d34   0x00000004   Data   RO          636    .rti_fn.1.end       components.o
    0x08004d38   0x00000004   Data   RO          637    .rti_fn.6.end       components.o
    0x08004d3c   0x00000020   Data   RO         1201    Region$$Table       anon$$obj.o


    Execution Region RW_IRAM1 (Base: 0x20000000, Size: 0x00002278, Max: 0x00010000, ABSOLUTE)

    Base Addr    Size         Type   Attr      Idx    E Section Name        Object

    0x20000000   0x00000014   Data   RW           25    .data               system_stm32f10x.o
    0x20000014   0x00000014   Data   RW          315    .data               stm32f10x_rcc.o
    0x20000028   0x0000002c   Data   RW          406    .data               main.o
    0x20000054   0x00000004   Data   RW          614    .data               clock.o
    0x20000058   0x00000001   Data   RW          691    .data               irq.o
    0x20000059   0x00000003   PAD
    0x2000005c   0x00000004   Data   RW          708    .data               kservice.o
    0x20000060   0x00000018   Data   RW          724    .data               mem.o
    0x20000078   0x00000040   Data   RW          750    .data               object.o
    0x200000b8   0x00000018   Data   RW          768    .data               scheduler.o
    0x200000d0   0x0000000c   Data   RW          818    .data               timer.o
    0x200000dc   0x00000010   Data   RW          839    .data               cpuport.o
    0x200000ec   0x00000004   Data   RW         1175    .data               mc_w.l(stdout.o)
    0x200000f0   0x0000035c   Zero   RW          404    .bss                main.o
    0x2000044c   0x00001000   Zero   RW          513    .bss                board.o
    0x2000144c   0x000003e8   Zero   RW          570    .bss                bsp_usart2.o
    0x20001834   0x000003e8   Zero   RW          586    .bss                bsp_usart3.o
    0x20001c1c   0x00000178   Zero   RW          658    .bss                idle.o
    0x20001d94   0x00000080   Zero   RW          706    .bss                kservice.o
    0x20001e14   0x00000020   Zero   RW          723    .bss                mem.o
    0x20001e34   0x00000040   Zero   RW          767    .bss                scheduler.o
    0x20001e74   0x00000004   PAD
    0x20001e78   0x00000400   Zero   RW            1    STACK               startup_stm32f10x_hd.o


==============================================================================

Image component sizes


      Code (inc. data)   RO Data    RW Data    ZI Data      Debug   Object Name

       256         24          0          0       4096      17277   board.o
        96          6          0          0          0       1227   bsp_key.o
        96          6          0          0          0        602   bsp_led.o
       368         10          0          0          0       2662   bsp_usart.o
       932        156          0          0       1000       4482   bsp_usart2.o
       556         20          0          0       1000       3357   bsp_usart3.o
       108          4          0          4          0       1580   clock.o
       180         20         16          0          0       2762   components.o
       240         26          0          0          0        844   context_rvds.o
         0          0          0          0          0       4500   core_cm3.o
       616        340          0         16          0       3395   cpuport.o
       220         26          0          0        376       4478   idle.o
      1380          0          0          0          0       9883   ipc.o
        64          6          0          1          0       1622   irq.o
      2444        164        290          4        128      11244   kservice.o
      2392        838         29         44        860      11496   main.o
      1252        186          0         24         32       4200   mem.o
       220         22          0          0          0       1949   misc.o
       372          6          0         64          0       6191   object.o
       480         30          0         24         64       5824   scheduler.o
        36          8        304          0       1024        920   startup_stm32f10x_hd.o
       596          8          0          0          0       4510   stm32f10x_dma.o
       860         38          0          0          0       5877   stm32f10x_gpio.o
       932         36          0         20          0       9120   stm32f10x_rcc.o
      1032         22          0          0          0       8604   stm32f10x_usart.o
       480         38          0         20          0     240343   system_stm32f10x.o
      1086         12          0          0          0       8841   thread.o
       844          8          0         12          0       7849   timer.o

    ----------------------------------------------------------------------
     18140       2060        674        236       8584     385639   Object Totals
         0          0         32          0          0          0   (incl. Generated)
         2          0          3          3          4          0   (incl. Padding)

    ----------------------------------------------------------------------

      Code (inc. data)   RO Data    RW Data    ZI Data      Debug   Library Member Name

         8          4        133          0          0         68   ctype_o.o
         0          0          0          0          0          0   entry.o
         0          0          0          0          0          0   entry10a.o
         0          0          0          0          0          0   entry11a.o
         8          4          0          0          0          0   entry2.o
         4          0          0          0          0          0   entry5.o
         0          0          0          0          0          0   entry7b.o
         0          0          0          0          0          0   entry8b.o
         8          4          0          0          0          0   entry9a.o
        30          0          0          0          0          0   handlers.o
        36          8          0          0          0         68   init.o
        36          0          0          0          0         68   memcpya.o
        36          0          0          0          0        108   memseta.o
       522         20          0          0          0        336   printf3.o
         0          0          0          4          0          0   stdout.o
        24          0          0          0          0         68   strcat.o
        28          0          0          0          0         76   strcmp.o
        18          0          0          0          0         68   strcpy.o
        14          0          0          0          0         68   strlen.o
        36          0          0          0          0         80   strstr.o
        44          0          0          0          0         80   uidiv.o

    ----------------------------------------------------------------------
       854         40        136          4          0       1088   Library Totals
         2          0          3          0          0          0   (incl. Padding)

    ----------------------------------------------------------------------

      Code (inc. data)   RO Data    RW Data    ZI Data      Debug   Library Name

       852         40        133          4          0       1088   mc_w.l

    ----------------------------------------------------------------------
       854         40        136          4          0       1088   Library Totals

    ----------------------------------------------------------------------

==============================================================================


      Code (inc. data)   RO Data    RW Data    ZI Data      Debug   

     18994       2100        810        240       8584     384123   Grand Totals
     18994       2100        810        240       8584     384123   ELF Image Totals
     18994       2100        810        240          0          0   ROM Totals

==============================================================================

    Total RO  Size (Code + RO Data)                19804 (  19.34kB)
    Total RW  Size (RW Data + ZI Data)              8824 (   8.62kB)
    Total ROM Size (Code + RO Data + RW Data)      20044 (  19.57kB)

==============================================================================

