Component: ARM Compiler 5.06 update 1 (build 61) Tool: armlink [4d35a8]

==============================================================================

Section Cross References

    startup_stm32f10x_hd.o(RESET) refers to startup_stm32f10x_hd.o(STACK) for __initial_sp
    startup_stm32f10x_hd.o(RESET) refers to startup_stm32f10x_hd.o(.text) for Reset_Handler
    startup_stm32f10x_hd.o(RESET) refers to context_rvds.o(.text) for HardFault_Handler
    startup_stm32f10x_hd.o(RESET) refers to board.o(.text) for SysTick_Handler
    startup_stm32f10x_hd.o(RESET) refers to bsp_usart2.o(.text) for USART2_IRQHandler
    startup_stm32f10x_hd.o(.text) refers to system_stm32f10x.o(.text) for SystemInit
    startup_stm32f10x_hd.o(.text) refers to entry.o(.ARM.Collect$$$$00000000) for __main
    system_stm32f10x.o(.text) refers to system_stm32f10x.o(.data) for SystemCoreClock
    stm32f10x_adc.o(.text) refers to stm32f10x_rcc.o(.text) for RCC_APB2PeriphResetCmd
    stm32f10x_bkp.o(.text) refers to stm32f10x_rcc.o(.text) for RCC_BackupResetCmd
    stm32f10x_can.o(.text) refers to stm32f10x_rcc.o(.text) for RCC_APB1PeriphResetCmd
    stm32f10x_cec.o(.text) refers to stm32f10x_rcc.o(.text) for RCC_APB1PeriphResetCmd
    stm32f10x_dac.o(.text) refers to stm32f10x_rcc.o(.text) for RCC_APB1PeriphResetCmd
    stm32f10x_gpio.o(.text) refers to stm32f10x_rcc.o(.text) for RCC_APB2PeriphResetCmd
    stm32f10x_i2c.o(.text) refers to stm32f10x_rcc.o(.text) for RCC_APB1PeriphResetCmd
    stm32f10x_pwr.o(.text) refers to stm32f10x_rcc.o(.text) for RCC_APB1PeriphResetCmd
    stm32f10x_rcc.o(.text) refers to stm32f10x_rcc.o(.data) for APBAHBPrescTable
    stm32f10x_spi.o(.text) refers to stm32f10x_rcc.o(.text) for RCC_APB2PeriphResetCmd
    stm32f10x_tim.o(.text) refers to stm32f10x_rcc.o(.text) for RCC_APB2PeriphResetCmd
    stm32f10x_usart.o(.text) refers to stm32f10x_rcc.o(.text) for RCC_APB2PeriphResetCmd
    stm32f10x_wwdg.o(.text) refers to stm32f10x_rcc.o(.text) for RCC_APB1PeriphResetCmd
    main.o(.text) refers to bsp_usart2.o(.text) for Usart2_SendString
    main.o(.text) refers to ipc.o(.text) for rt_sem_take
    main.o(.text) refers to thread.o(.text) for rt_thread_delay
    main.o(.text) refers to memseta.o(.text) for __aeabi_memclr
    main.o(.text) refers to bsp_key.o(.text) for Key_Scan
    main.o(.text) refers to kservice.o(.text) for rt_kprintf
    main.o(.text) refers to main.o(.data) for test_sem2
    main.o(.text) refers to bsp_usart2.o(.bss) for Usart2_Rx_Buf
    board.o(.text) refers to bsp_led.o(.text) for LED_GPIO_Config
    board.o(.text) refers to bsp_usart.o(.text) for USART_Config
    board.o(.text) refers to bsp_usart2.o(.text) for USART2_Config
    board.o(.text) refers to bsp_key.o(.text) for Key_GPIO_Config
    board.o(.text) refers to components.o(.text) for rt_components_board_init
    board.o(.text) refers to mem.o(.text) for rt_system_heap_init
    board.o(.text) refers to irq.o(.text) for rt_interrupt_enter
    board.o(.text) refers to clock.o(.text) for rt_tick_increase
    board.o(.text) refers to scheduler.o(.text) for rt_enter_critical
    board.o(.text) refers to stm32f10x_usart.o(.text) for USART_SendData
    board.o(.text) refers to board.o(.bss) for rt_heap
    board.o(.text) refers to system_stm32f10x.o(.data) for SystemCoreClock
    bsp_led.o(.text) refers to stm32f10x_rcc.o(.text) for RCC_APB2PeriphClockCmd
    bsp_led.o(.text) refers to stm32f10x_gpio.o(.text) for GPIO_Init
    bsp_usart.o(.text) refers to stm32f10x_rcc.o(.text) for RCC_APB2PeriphClockCmd
    bsp_usart.o(.text) refers to stm32f10x_gpio.o(.text) for GPIO_Init
    bsp_usart.o(.text) refers to stm32f10x_usart.o(.text) for USART_Init
    bsp_key.o(.text) refers to stm32f10x_rcc.o(.text) for RCC_APB2PeriphClockCmd
    bsp_key.o(.text) refers to stm32f10x_gpio.o(.text) for GPIO_Init
    bsp_usart2.o(.text) refers to misc.o(.text) for NVIC_PriorityGroupConfig
    bsp_usart2.o(.text) refers to stm32f10x_rcc.o(.text) for RCC_APB2PeriphClockCmd
    bsp_usart2.o(.text) refers to stm32f10x_gpio.o(.text) for GPIO_Init
    bsp_usart2.o(.text) refers to stm32f10x_usart.o(.text) for USART_Init
    bsp_usart2.o(.text) refers to stm32f10x_dma.o(.text) for DMA_Init
    bsp_usart2.o(.text) refers to ipc.o(.text) for rt_sem_release
    bsp_usart2.o(.text) refers to bsp_usart2.o(.bss) for Usart2_Rx_Buf
    bsp_usart2.o(.text) refers to main.o(.data) for test_sem2
    clock.o(.text) refers to context_rvds.o(.text) for rt_hw_interrupt_disable
    clock.o(.text) refers to thread.o(.text) for rt_thread_self
    clock.o(.text) refers to timer.o(.text) for rt_timer_check
    clock.o(.text) refers to clock.o(.data) for rt_tick
    components.o(.text) refers to main.o(.text) for $Super$$main
    components.o(.text) refers to thread.o(.text) for rt_thread_create
    components.o(.text) refers to context_rvds.o(.text) for rt_hw_interrupt_disable
    components.o(.text) refers to board.o(.text) for rt_hw_board_init
    components.o(.text) refers to kservice.o(.text) for rt_show_version
    components.o(.text) refers to timer.o(.text) for rt_system_timer_init
    components.o(.text) refers to scheduler.o(.text) for rt_system_scheduler_init
    components.o(.text) refers to idle.o(.text) for rt_thread_idle_init
    components.o(.text) refers to components.o(.rti_fn.0.end) for __rt_init_rti_board_start
    components.o(.text) refers to components.o(.rti_fn.1.end) for __rt_init_rti_board_end
    components.o(.text) refers to components.o(.rti_fn.6.end) for __rt_init_rti_end
    components.o(.rti_fn.0) refers to components.o(.text) for rti_start
    components.o(.rti_fn.0.end) refers to components.o(.text) for rti_board_start
    components.o(.rti_fn.1.end) refers to components.o(.text) for rti_board_end
    components.o(.rti_fn.6.end) refers to components.o(.text) for rti_end
    idle.o(.text) refers to context_rvds.o(.text) for rt_hw_interrupt_disable
    idle.o(.text) refers to scheduler.o(.text) for rt_enter_critical
    idle.o(.text) refers to object.o(.text) for rt_object_is_systemobject
    idle.o(.text) refers to mem.o(.text) for rt_free
    idle.o(.text) refers to thread.o(.text) for rt_thread_init
    idle.o(.text) refers to scheduler.o(.data) for rt_thread_defunct
    idle.o(.text) refers to idle.o(.bss) for rt_thread_stack
    ipc.o(.text) refers to thread.o(.text) for rt_thread_suspend
    ipc.o(.text) refers to context_rvds.o(.text) for rt_hw_interrupt_disable
    ipc.o(.text) refers to object.o(.text) for rt_object_init
    ipc.o(.text) refers to timer.o(.text) for rt_timer_control
    ipc.o(.text) refers to scheduler.o(.text) for rt_schedule
    ipc.o(.text) refers to mem.o(.text) for rt_malloc
    ipc.o(.text) refers to clock.o(.text) for rt_tick_get
    irq.o(.text) refers to context_rvds.o(.text) for rt_hw_interrupt_disable
    irq.o(.text) refers to irq.o(.data) for rt_interrupt_nest
    kservice.o(.text) refers to irq.o(.text) for rt_interrupt_get_nest
    kservice.o(.text) refers to thread.o(.text) for rt_thread_self
    kservice.o(.text) refers to mem.o(.text) for rt_malloc
    kservice.o(.text) refers to kservice.o(.data) for __rt_errno
    kservice.o(.text) refers to kservice.o(.constdata) for large_digits
    kservice.o(.text) refers to board.o(.text) for rt_hw_console_output
    kservice.o(.text) refers to kservice.o(.bss) for rt_log_buf
    mem.o(.text) refers to kservice.o(.text) for rt_kprintf
    mem.o(.text) refers to ipc.o(.text) for rt_sem_init
    mem.o(.text) refers to mem.o(.data) for heap_ptr
    mem.o(.text) refers to mem.o(.bss) for heap_sem
    object.o(.text) refers to kservice.o(.text) for rt_strncpy
    object.o(.text) refers to context_rvds.o(.text) for rt_hw_interrupt_disable
    object.o(.text) refers to mem.o(.text) for rt_malloc
    object.o(.text) refers to scheduler.o(.text) for rt_enter_critical
    object.o(.text) refers to object.o(.data) for rt_object_container
    scheduler.o(.text) refers to kservice.o(.text) for __rt_ffs
    scheduler.o(.text) refers to context_rvds.o(.text) for rt_hw_context_switch_to
    scheduler.o(.text) refers to scheduler.o(.data) for rt_scheduler_lock_nest
    scheduler.o(.text) refers to scheduler.o(.bss) for rt_thread_priority_table
    scheduler.o(.text) refers to irq.o(.data) for rt_interrupt_nest
    thread.o(.text) refers to context_rvds.o(.text) for rt_hw_interrupt_disable
    thread.o(.text) refers to scheduler.o(.text) for rt_schedule_remove_thread
    thread.o(.text) refers to timer.o(.text) for rt_timer_detach
    thread.o(.text) refers to object.o(.text) for rt_object_is_systemobject
    thread.o(.text) refers to kservice.o(.text) for rt_memset
    thread.o(.text) refers to cpuport.o(.text) for rt_hw_stack_init
    thread.o(.text) refers to mem.o(.text) for rt_malloc
    thread.o(.text) refers to scheduler.o(.data) for rt_current_thread
    thread.o(.text) refers to scheduler.o(.bss) for rt_thread_priority_table
    timer.o(.text) refers to object.o(.text) for rt_object_init
    timer.o(.text) refers to context_rvds.o(.text) for rt_hw_interrupt_disable
    timer.o(.text) refers to clock.o(.text) for rt_tick_get
    timer.o(.text) refers to timer.o(.data) for rt_timer_list
    context_rvds.o(.text) refers to cpuport.o(.text) for rt_hw_hard_fault_exception
    context_rvds.o(.text) refers to cpuport.o(.data) for rt_thread_switch_interrupt_flag
    cpuport.o(.text) refers to kservice.o(.text) for rt_kprintf
    cpuport.o(.text) refers to thread.o(.text) for rt_thread_self
    cpuport.o(.text) refers to cpuport.o(.data) for rt_exception_hook
    entry.o(.ARM.Collect$$$$00000000) refers (Special) to entry10a.o(.ARM.Collect$$$$0000000D) for __rt_final_cpp
    entry.o(.ARM.Collect$$$$00000000) refers (Special) to entry11a.o(.ARM.Collect$$$$0000000F) for __rt_final_exit
    entry.o(.ARM.Collect$$$$00000000) refers (Special) to entry7b.o(.ARM.Collect$$$$00000008) for _main_clock
    entry.o(.ARM.Collect$$$$00000000) refers (Special) to entry8b.o(.ARM.Collect$$$$0000000A) for _main_cpp_init
    entry.o(.ARM.Collect$$$$00000000) refers (Special) to entry9a.o(.ARM.Collect$$$$0000000B) for _main_init
    entry.o(.ARM.Collect$$$$00000000) refers (Special) to entry5.o(.ARM.Collect$$$$00000004) for _main_scatterload
    entry.o(.ARM.Collect$$$$00000000) refers (Special) to entry2.o(.ARM.Collect$$$$00000001) for _main_stk
    entry2.o(.ARM.Collect$$$$00000001) refers to entry2.o(.ARM.Collect$$$$00002712) for __lit__00000000
    entry2.o(.ARM.Collect$$$$00002712) refers to startup_stm32f10x_hd.o(STACK) for __initial_sp
    entry2.o(__vectab_stack_and_reset_area) refers to startup_stm32f10x_hd.o(STACK) for __initial_sp
    entry2.o(__vectab_stack_and_reset_area) refers to entry.o(.ARM.Collect$$$$00000000) for __main
    entry5.o(.ARM.Collect$$$$00000004) refers to init.o(.text) for __scatterload
    entry9a.o(.ARM.Collect$$$$0000000B) refers to components.o(.text) for main
    entry9b.o(.ARM.Collect$$$$0000000C) refers to components.o(.text) for main
    init.o(.text) refers to entry5.o(.ARM.Collect$$$$00000004) for __main_after_scatterload


==============================================================================

Removing Unused input sections from the image.

    Removing startup_stm32f10x_hd.o(HEAP), (512 bytes).
    Removing core_cm3.o(.emb_text), (32 bytes).
    Removing stm32f10x_adc.o(.text), (1102 bytes).
    Removing stm32f10x_bkp.o(.text), (196 bytes).
    Removing stm32f10x_can.o(.text), (2544 bytes).
    Removing stm32f10x_cec.o(.text), (288 bytes).
    Removing stm32f10x_crc.o(.text), (72 bytes).
    Removing stm32f10x_dac.o(.text), (396 bytes).
    Removing stm32f10x_dbgmcu.o(.text), (48 bytes).
    Removing stm32f10x_exti.o(.text), (284 bytes).
    Removing stm32f10x_flash.o(.text), (1468 bytes).
    Removing stm32f10x_fsmc.o(.text), (1548 bytes).
    Removing stm32f10x_i2c.o(.text), (1028 bytes).
    Removing stm32f10x_iwdg.o(.text), (64 bytes).
    Removing stm32f10x_pwr.o(.text), (204 bytes).
    Removing stm32f10x_rtc.o(.text), (328 bytes).
    Removing stm32f10x_sdio.o(.text), (468 bytes).
    Removing stm32f10x_spi.o(.text), (780 bytes).
    Removing stm32f10x_tim.o(.text), (3610 bytes).
    Removing stm32f10x_wwdg.o(.text), (136 bytes).

20 unused section(s) (total 15108 bytes) removed from the image.

==============================================================================

Image Symbol Table

    Local Symbols

    Symbol Name                              Value     Ov Type        Size  Object(Section)

    ../clib/microlib/init/entry.s            0x00000000   Number         0  entry10a.o ABSOLUTE
    ../clib/microlib/init/entry.s            0x00000000   Number         0  entry10b.o ABSOLUTE
    ../clib/microlib/init/entry.s            0x00000000   Number         0  entry2.o ABSOLUTE
    ../clib/microlib/init/entry.s            0x00000000   Number         0  entry9a.o ABSOLUTE
    ../clib/microlib/init/entry.s            0x00000000   Number         0  entry11a.o ABSOLUTE
    ../clib/microlib/init/entry.s            0x00000000   Number         0  entry5.o ABSOLUTE
    ../clib/microlib/init/entry.s            0x00000000   Number         0  entry.o ABSOLUTE
    ../clib/microlib/init/entry.s            0x00000000   Number         0  entry11b.o ABSOLUTE
    ../clib/microlib/init/entry.s            0x00000000   Number         0  entry7a.o ABSOLUTE
    ../clib/microlib/init/entry.s            0x00000000   Number         0  entry7b.o ABSOLUTE
    ../clib/microlib/init/entry.s            0x00000000   Number         0  entry8a.o ABSOLUTE
    ../clib/microlib/init/entry.s            0x00000000   Number         0  entry8b.o ABSOLUTE
    ../clib/microlib/init/entry.s            0x00000000   Number         0  entry9b.o ABSOLUTE
    ../clib/microlib/string/memset.c         0x00000000   Number         0  memseta.o ABSOLUTE
    ..\..\Libraries\CMSIS\core_cm3.c         0x00000000   Number         0  core_cm3.o ABSOLUTE
    ..\..\Libraries\CMSIS\startup\startup_stm32f10x_hd.s 0x00000000   Number         0  startup_stm32f10x_hd.o ABSOLUTE
    ..\..\Libraries\CMSIS\system_stm32f10x.c 0x00000000   Number         0  system_stm32f10x.o ABSOLUTE
    ..\..\Libraries\FWlib\src\misc.c         0x00000000   Number         0  misc.o ABSOLUTE
    ..\..\Libraries\FWlib\src\stm32f10x_adc.c 0x00000000   Number         0  stm32f10x_adc.o ABSOLUTE
    ..\..\Libraries\FWlib\src\stm32f10x_bkp.c 0x00000000   Number         0  stm32f10x_bkp.o ABSOLUTE
    ..\..\Libraries\FWlib\src\stm32f10x_can.c 0x00000000   Number         0  stm32f10x_can.o ABSOLUTE
    ..\..\Libraries\FWlib\src\stm32f10x_cec.c 0x00000000   Number         0  stm32f10x_cec.o ABSOLUTE
    ..\..\Libraries\FWlib\src\stm32f10x_crc.c 0x00000000   Number         0  stm32f10x_crc.o ABSOLUTE
    ..\..\Libraries\FWlib\src\stm32f10x_dac.c 0x00000000   Number         0  stm32f10x_dac.o ABSOLUTE
    ..\..\Libraries\FWlib\src\stm32f10x_dbgmcu.c 0x00000000   Number         0  stm32f10x_dbgmcu.o ABSOLUTE
    ..\..\Libraries\FWlib\src\stm32f10x_dma.c 0x00000000   Number         0  stm32f10x_dma.o ABSOLUTE
    ..\..\Libraries\FWlib\src\stm32f10x_exti.c 0x00000000   Number         0  stm32f10x_exti.o ABSOLUTE
    ..\..\Libraries\FWlib\src\stm32f10x_flash.c 0x00000000   Number         0  stm32f10x_flash.o ABSOLUTE
    ..\..\Libraries\FWlib\src\stm32f10x_fsmc.c 0x00000000   Number         0  stm32f10x_fsmc.o ABSOLUTE
    ..\..\Libraries\FWlib\src\stm32f10x_gpio.c 0x00000000   Number         0  stm32f10x_gpio.o ABSOLUTE
    ..\..\Libraries\FWlib\src\stm32f10x_i2c.c 0x00000000   Number         0  stm32f10x_i2c.o ABSOLUTE
    ..\..\Libraries\FWlib\src\stm32f10x_iwdg.c 0x00000000   Number         0  stm32f10x_iwdg.o ABSOLUTE
    ..\..\Libraries\FWlib\src\stm32f10x_pwr.c 0x00000000   Number         0  stm32f10x_pwr.o ABSOLUTE
    ..\..\Libraries\FWlib\src\stm32f10x_rcc.c 0x00000000   Number         0  stm32f10x_rcc.o ABSOLUTE
    ..\..\Libraries\FWlib\src\stm32f10x_rtc.c 0x00000000   Number         0  stm32f10x_rtc.o ABSOLUTE
    ..\..\Libraries\FWlib\src\stm32f10x_sdio.c 0x00000000   Number         0  stm32f10x_sdio.o ABSOLUTE
    ..\..\Libraries\FWlib\src\stm32f10x_spi.c 0x00000000   Number         0  stm32f10x_spi.o ABSOLUTE
    ..\..\Libraries\FWlib\src\stm32f10x_tim.c 0x00000000   Number         0  stm32f10x_tim.o ABSOLUTE
    ..\..\Libraries\FWlib\src\stm32f10x_usart.c 0x00000000   Number         0  stm32f10x_usart.o ABSOLUTE
    ..\..\Libraries\FWlib\src\stm32f10x_wwdg.c 0x00000000   Number         0  stm32f10x_wwdg.o ABSOLUTE
    ..\..\User\board.c                       0x00000000   Number         0  board.o ABSOLUTE
    ..\..\User\bsp\Key\bsp_key.c             0x00000000   Number         0  bsp_key.o ABSOLUTE
    ..\..\User\bsp\led\bsp_led.c             0x00000000   Number         0  bsp_led.o ABSOLUTE
    ..\..\User\bsp\usart2\bsp_usart2.c       0x00000000   Number         0  bsp_usart2.o ABSOLUTE
    ..\..\User\bsp\usart\bsp_usart.c         0x00000000   Number         0  bsp_usart.o ABSOLUTE
    ..\..\User\main.c                        0x00000000   Number         0  main.o ABSOLUTE
    ..\..\User\stm32f10x_it.c                0x00000000   Number         0  stm32f10x_it.o ABSOLUTE
    ..\..\rtthread\3.0.3\libcpu\arm\cortex-m3\context_rvds.S 0x00000000   Number         0  context_rvds.o ABSOLUTE
    ..\..\rtthread\3.0.3\libcpu\arm\cortex-m3\cpuport.c 0x00000000   Number         0  cpuport.o ABSOLUTE
    ..\..\rtthread\3.0.3\src\clock.c         0x00000000   Number         0  clock.o ABSOLUTE
    ..\..\rtthread\3.0.3\src\components.c    0x00000000   Number         0  components.o ABSOLUTE
    ..\..\rtthread\3.0.3\src\device.c        0x00000000   Number         0  device.o ABSOLUTE
    ..\..\rtthread\3.0.3\src\idle.c          0x00000000   Number         0  idle.o ABSOLUTE
    ..\..\rtthread\3.0.3\src\ipc.c           0x00000000   Number         0  ipc.o ABSOLUTE
    ..\..\rtthread\3.0.3\src\irq.c           0x00000000   Number         0  irq.o ABSOLUTE
    ..\..\rtthread\3.0.3\src\kservice.c      0x00000000   Number         0  kservice.o ABSOLUTE
    ..\..\rtthread\3.0.3\src\mem.c           0x00000000   Number         0  mem.o ABSOLUTE
    ..\..\rtthread\3.0.3\src\memheap.c       0x00000000   Number         0  memheap.o ABSOLUTE
    ..\..\rtthread\3.0.3\src\mempool.c       0x00000000   Number         0  mempool.o ABSOLUTE
    ..\..\rtthread\3.0.3\src\object.c        0x00000000   Number         0  object.o ABSOLUTE
    ..\..\rtthread\3.0.3\src\scheduler.c     0x00000000   Number         0  scheduler.o ABSOLUTE
    ..\..\rtthread\3.0.3\src\signal.c        0x00000000   Number         0  signal.o ABSOLUTE
    ..\..\rtthread\3.0.3\src\thread.c        0x00000000   Number         0  thread.o ABSOLUTE
    ..\..\rtthread\3.0.3\src\timer.c         0x00000000   Number         0  timer.o ABSOLUTE
    ..\\..\\Libraries\\CMSIS\\core_cm3.c     0x00000000   Number         0  core_cm3.o ABSOLUTE
    dc.s                                     0x00000000   Number         0  dc.o ABSOLUTE
    handlers.s                               0x00000000   Number         0  handlers.o ABSOLUTE
    init.s                                   0x00000000   Number         0  init.o ABSOLUTE
    RESET                                    0x08000000   Section      304  startup_stm32f10x_hd.o(RESET)
    .ARM.Collect$$$$00000000                 0x08000130   Section        0  entry.o(.ARM.Collect$$$$00000000)
    .ARM.Collect$$$$00000001                 0x08000130   Section        4  entry2.o(.ARM.Collect$$$$00000001)
    .ARM.Collect$$$$00000004                 0x08000134   Section        4  entry5.o(.ARM.Collect$$$$00000004)
    .ARM.Collect$$$$00000008                 0x08000138   Section        0  entry7b.o(.ARM.Collect$$$$00000008)
    .ARM.Collect$$$$0000000A                 0x08000138   Section        0  entry8b.o(.ARM.Collect$$$$0000000A)
    .ARM.Collect$$$$0000000B                 0x08000138   Section        8  entry9a.o(.ARM.Collect$$$$0000000B)
    .ARM.Collect$$$$0000000D                 0x08000140   Section        0  entry10a.o(.ARM.Collect$$$$0000000D)
    .ARM.Collect$$$$0000000F                 0x08000140   Section        0  entry11a.o(.ARM.Collect$$$$0000000F)
    .ARM.Collect$$$$00002712                 0x08000140   Section        4  entry2.o(.ARM.Collect$$$$00002712)
    __lit__00000000                          0x08000140   Data           4  entry2.o(.ARM.Collect$$$$00002712)
    .text                                    0x08000144   Section       36  startup_stm32f10x_hd.o(.text)
    .text                                    0x08000168   Section        0  system_stm32f10x.o(.text)
    SetSysClockTo72                          0x08000169   Thumb Code   214  system_stm32f10x.o(.text)
    SetSysClock                              0x0800023f   Thumb Code     8  system_stm32f10x.o(.text)
    .text                                    0x08000348   Section        0  misc.o(.text)
    .text                                    0x08000424   Section        0  stm32f10x_dma.o(.text)
    .text                                    0x08000678   Section        0  stm32f10x_gpio.o(.text)
    .text                                    0x080009d4   Section        0  stm32f10x_rcc.o(.text)
    .text                                    0x08000d78   Section        0  stm32f10x_usart.o(.text)
    .text                                    0x08001180   Section        0  main.o(.text)
    usart2_thread_entry                      0x08001181   Thumb Code    70  main.o(.text)
    key_thread_entry                         0x080011c7   Thumb Code   100  main.o(.text)
    led1_thread_entry                        0x0800122b   Thumb Code    46  main.o(.text)
    .text                                    0x080014b8   Section        0  board.o(.text)
    .text                                    0x080015b0   Section        0  bsp_led.o(.text)
    .text                                    0x08001610   Section        0  bsp_usart.o(.text)
    .text                                    0x08001780   Section        0  bsp_key.o(.text)
    .text                                    0x080017e0   Section        0  bsp_usart2.o(.text)
    NVIC_Configuration2                      0x080017e1   Thumb Code    40  bsp_usart2.o(.text)
    .text                                    0x08001a08   Section        0  clock.o(.text)
    .text                                    0x08001a74   Section        0  components.o(.text)
    rti_start                                0x08001a75   Thumb Code     4  components.o(.text)
    rti_board_start                          0x08001a79   Thumb Code     4  components.o(.text)
    rti_board_end                            0x08001a7d   Thumb Code     4  components.o(.text)
    rti_end                                  0x08001a81   Thumb Code     4  components.o(.text)
    .text                                    0x08001b28   Section        0  idle.o(.text)
    rt_thread_idle_entry                     0x08001ba9   Thumb Code     8  idle.o(.text)
    _has_defunct_thread                      0x08001bdb   Thumb Code    16  idle.o(.text)
    .text                                    0x08001c04   Section        0  ipc.o(.text)
    rt_list_insert_before                    0x08001c05   Thumb Code    14  ipc.o(.text)
    rt_ipc_list_suspend                      0x08001c13   Thumb Code   108  ipc.o(.text)
    rt_ipc_list_resume_all                   0x08001c7f   Thumb Code    50  ipc.o(.text)
    rt_list_init                             0x0800212f   Thumb Code     6  ipc.o(.text)
    rt_list_isempty                          0x08002135   Thumb Code    16  ipc.o(.text)
    rt_ipc_object_init                       0x08002145   Thumb Code    16  ipc.o(.text)
    rt_ipc_list_resume                       0x08002155   Thumb Code    20  ipc.o(.text)
    .text                                    0x08002168   Section        0  irq.o(.text)
    .text                                    0x080021a8   Section        0  kservice.o(.text)
    print_number                             0x0800246d   Thumb Code   400  kservice.o(.text)
    skip_atoi                                0x080025fd   Thumb Code    38  kservice.o(.text)
    .text                                    0x08002b34   Section        0  mem.o(.text)
    plug_holes                               0x08002b35   Thumb Code   108  mem.o(.text)
    .text                                    0x08003018   Section        0  object.o(.text)
    rt_list_insert_after                     0x08003019   Thumb Code    14  object.o(.text)
    rt_list_remove                           0x08003027   Thumb Code    18  object.o(.text)
    .text                                    0x0800318c   Section        0  scheduler.o(.text)
    rt_list_init                             0x08003349   Thumb Code     6  scheduler.o(.text)
    .text                                    0x0800336c   Section        0  thread.o(.text)
    rt_list_insert_after                     0x0800336d   Thumb Code    14  thread.o(.text)
    rt_list_remove                           0x0800337b   Thumb Code    18  thread.o(.text)
    _rt_thread_init                          0x080033f9   Thumb Code   128  thread.o(.text)
    .text                                    0x080037ac   Section        0  timer.o(.text)
    rt_list_insert_after                     0x080037ad   Thumb Code    14  timer.o(.text)
    _rt_timer_init                           0x080037bb   Thumb Code    66  timer.o(.text)
    rt_timer_list_next_timeout               0x080037fd   Thumb Code    28  timer.o(.text)
    _rt_timer_remove                         0x08003819   Thumb Code    46  timer.o(.text)
    rt_list_init                             0x08003adb   Thumb Code     6  timer.o(.text)
    rt_list_isempty                          0x08003ae1   Thumb Code    16  timer.o(.text)
    .text                                    0x08003af8   Section      240  context_rvds.o(.text)
    .text                                    0x08003be8   Section        0  cpuport.o(.text)
    .text                                    0x08003e50   Section        0  memseta.o(.text)
    .text                                    0x08003e74   Section       36  init.o(.text)
    i.__scatterload_copy                     0x08003e98   Section       14  handlers.o(i.__scatterload_copy)
    i.__scatterload_null                     0x08003ea6   Section        2  handlers.o(i.__scatterload_null)
    i.__scatterload_zeroinit                 0x08003ea8   Section       14  handlers.o(i.__scatterload_zeroinit)
    .constdata                               0x08003eb6   Section      290  kservice.o(.constdata)
    small_digits                             0x08003fb6   Data          17  kservice.o(.constdata)
    large_digits                             0x08003fc7   Data          17  kservice.o(.constdata)
    .rti_fn.0                                0x08003fd8   Section        4  components.o(.rti_fn.0)
    __tagsym$$used                           0x08003fd8   Number         0  components.o(.rti_fn.0)
    .rti_fn.0.end                            0x08003fdc   Section        4  components.o(.rti_fn.0.end)
    __tagsym$$used                           0x08003fdc   Number         0  components.o(.rti_fn.0.end)
    .rti_fn.1.end                            0x08003fe0   Section        4  components.o(.rti_fn.1.end)
    __tagsym$$used                           0x08003fe0   Number         0  components.o(.rti_fn.1.end)
    .rti_fn.6.end                            0x08003fe4   Section        4  components.o(.rti_fn.6.end)
    __tagsym$$used                           0x08003fe4   Number         0  components.o(.rti_fn.6.end)
    .data                                    0x20000000   Section       20  system_stm32f10x.o(.data)
    .data                                    0x20000014   Section       20  stm32f10x_rcc.o(.data)
    APBAHBPrescTable                         0x20000014   Data          16  stm32f10x_rcc.o(.data)
    ADCPrescTable                            0x20000024   Data           4  stm32f10x_rcc.o(.data)
    .data                                    0x20000028   Section       16  main.o(.data)
    led1_thread                              0x20000028   Data           4  main.o(.data)
    key_thread                               0x2000002c   Data           4  main.o(.data)
    usart2_thread                            0x20000030   Data           4  main.o(.data)
    .data                                    0x20000038   Section        4  clock.o(.data)
    rt_tick                                  0x20000038   Data           4  clock.o(.data)
    .data                                    0x2000003c   Section        1  irq.o(.data)
    .data                                    0x20000040   Section        4  kservice.o(.data)
    __rt_errno                               0x20000040   Data           4  kservice.o(.data)
    .data                                    0x20000044   Section       24  mem.o(.data)
    heap_ptr                                 0x20000044   Data           4  mem.o(.data)
    heap_end                                 0x20000048   Data           4  mem.o(.data)
    lfree                                    0x2000004c   Data           4  mem.o(.data)
    mem_size_aligned                         0x20000050   Data           4  mem.o(.data)
    used_mem                                 0x20000054   Data           4  mem.o(.data)
    max_mem                                  0x20000058   Data           4  mem.o(.data)
    .data                                    0x2000005c   Section       64  object.o(.data)
    rt_object_container                      0x2000005c   Data          64  object.o(.data)
    .data                                    0x2000009c   Section       24  scheduler.o(.data)
    rt_scheduler_lock_nest                   0x2000009c   Data           2  scheduler.o(.data)
    .data                                    0x200000b4   Section       12  timer.o(.data)
    rt_timer_list                            0x200000b4   Data           8  timer.o(.data)
    random_nr                                0x200000bc   Data           4  timer.o(.data)
    .data                                    0x200000c0   Section       16  cpuport.o(.data)
    rt_exception_hook                        0x200000cc   Data           4  cpuport.o(.data)
    .bss                                     0x200000d0   Section     4096  board.o(.bss)
    rt_heap                                  0x200000d0   Data        4096  board.o(.bss)
    .bss                                     0x200010d0   Section     1000  bsp_usart2.o(.bss)
    .bss                                     0x200014b8   Section      376  idle.o(.bss)
    idle                                     0x200014b8   Data         120  idle.o(.bss)
    rt_thread_stack                          0x20001530   Data         256  idle.o(.bss)
    .bss                                     0x20001630   Section      128  kservice.o(.bss)
    rt_log_buf                               0x20001630   Data         128  kservice.o(.bss)
    .bss                                     0x200016b0   Section       32  mem.o(.bss)
    heap_sem                                 0x200016b0   Data          32  mem.o(.bss)
    .bss                                     0x200016d0   Section       64  scheduler.o(.bss)
    STACK                                    0x20001710   Section     1024  startup_stm32f10x_hd.o(STACK)

    Global Symbols

    Symbol Name                              Value     Ov Type        Size  Object(Section)

    BuildAttributes$$THM_ISAv4$P$D$K$B$S$PE$A:L22UL41UL21$X:L11$S22US41US21$IEEE1$IW$USESV6$~STKCKD$USESV7$~SHL$OSPACE$EBA8$MICROLIB$REQ8$PRES8$EABIv2 0x00000000   Number         0  anon$$obj.o ABSOLUTE
    __ARM_use_no_argv                        0x00000000   Number         0  main.o ABSOLUTE
    __cpp_initialize__aeabi_                  - Undefined Weak Reference
    __cxa_finalize                            - Undefined Weak Reference
    __decompress                              - Undefined Weak Reference
    _clock_init                               - Undefined Weak Reference
    _microlib_exit                            - Undefined Weak Reference
    __Vectors_Size                           0x00000130   Number         0  startup_stm32f10x_hd.o ABSOLUTE
    __Vectors                                0x08000000   Data           4  startup_stm32f10x_hd.o(RESET)
    __Vectors_End                            0x08000130   Data           0  startup_stm32f10x_hd.o(RESET)
    __main                                   0x08000131   Thumb Code     0  entry.o(.ARM.Collect$$$$00000000)
    _main_stk                                0x08000131   Thumb Code     0  entry2.o(.ARM.Collect$$$$00000001)
    _main_scatterload                        0x08000135   Thumb Code     0  entry5.o(.ARM.Collect$$$$00000004)
    __main_after_scatterload                 0x08000139   Thumb Code     0  entry5.o(.ARM.Collect$$$$00000004)
    _main_clock                              0x08000139   Thumb Code     0  entry7b.o(.ARM.Collect$$$$00000008)
    _main_cpp_init                           0x08000139   Thumb Code     0  entry8b.o(.ARM.Collect$$$$0000000A)
    _main_init                               0x08000139   Thumb Code     0  entry9a.o(.ARM.Collect$$$$0000000B)
    __rt_final_cpp                           0x08000141   Thumb Code     0  entry10a.o(.ARM.Collect$$$$0000000D)
    __rt_final_exit                          0x08000141   Thumb Code     0  entry11a.o(.ARM.Collect$$$$0000000F)
    Reset_Handler                            0x08000145   Thumb Code     8  startup_stm32f10x_hd.o(.text)
    NMI_Handler                              0x0800014d   Thumb Code     2  startup_stm32f10x_hd.o(.text)
    MemManage_Handler                        0x08000151   Thumb Code     2  startup_stm32f10x_hd.o(.text)
    BusFault_Handler                         0x08000153   Thumb Code     2  startup_stm32f10x_hd.o(.text)
    UsageFault_Handler                       0x08000155   Thumb Code     2  startup_stm32f10x_hd.o(.text)
    SVC_Handler                              0x08000157   Thumb Code     2  startup_stm32f10x_hd.o(.text)
    DebugMon_Handler                         0x08000159   Thumb Code     2  startup_stm32f10x_hd.o(.text)
    ADC1_2_IRQHandler                        0x0800015f   Thumb Code     0  startup_stm32f10x_hd.o(.text)
    ADC3_IRQHandler                          0x0800015f   Thumb Code     0  startup_stm32f10x_hd.o(.text)
    CAN1_RX1_IRQHandler                      0x0800015f   Thumb Code     0  startup_stm32f10x_hd.o(.text)
    CAN1_SCE_IRQHandler                      0x0800015f   Thumb Code     0  startup_stm32f10x_hd.o(.text)
    DMA1_Channel1_IRQHandler                 0x0800015f   Thumb Code     0  startup_stm32f10x_hd.o(.text)
    DMA1_Channel2_IRQHandler                 0x0800015f   Thumb Code     0  startup_stm32f10x_hd.o(.text)
    DMA1_Channel3_IRQHandler                 0x0800015f   Thumb Code     0  startup_stm32f10x_hd.o(.text)
    DMA1_Channel4_IRQHandler                 0x0800015f   Thumb Code     0  startup_stm32f10x_hd.o(.text)
    DMA1_Channel5_IRQHandler                 0x0800015f   Thumb Code     0  startup_stm32f10x_hd.o(.text)
    DMA1_Channel6_IRQHandler                 0x0800015f   Thumb Code     0  startup_stm32f10x_hd.o(.text)
    DMA1_Channel7_IRQHandler                 0x0800015f   Thumb Code     0  startup_stm32f10x_hd.o(.text)
    DMA2_Channel1_IRQHandler                 0x0800015f   Thumb Code     0  startup_stm32f10x_hd.o(.text)
    DMA2_Channel2_IRQHandler                 0x0800015f   Thumb Code     0  startup_stm32f10x_hd.o(.text)
    DMA2_Channel3_IRQHandler                 0x0800015f   Thumb Code     0  startup_stm32f10x_hd.o(.text)
    DMA2_Channel4_5_IRQHandler               0x0800015f   Thumb Code     0  startup_stm32f10x_hd.o(.text)
    EXTI0_IRQHandler                         0x0800015f   Thumb Code     0  startup_stm32f10x_hd.o(.text)
    EXTI15_10_IRQHandler                     0x0800015f   Thumb Code     0  startup_stm32f10x_hd.o(.text)
    EXTI1_IRQHandler                         0x0800015f   Thumb Code     0  startup_stm32f10x_hd.o(.text)
    EXTI2_IRQHandler                         0x0800015f   Thumb Code     0  startup_stm32f10x_hd.o(.text)
    EXTI3_IRQHandler                         0x0800015f   Thumb Code     0  startup_stm32f10x_hd.o(.text)
    EXTI4_IRQHandler                         0x0800015f   Thumb Code     0  startup_stm32f10x_hd.o(.text)
    EXTI9_5_IRQHandler                       0x0800015f   Thumb Code     0  startup_stm32f10x_hd.o(.text)
    FLASH_IRQHandler                         0x0800015f   Thumb Code     0  startup_stm32f10x_hd.o(.text)
    FSMC_IRQHandler                          0x0800015f   Thumb Code     0  startup_stm32f10x_hd.o(.text)
    I2C1_ER_IRQHandler                       0x0800015f   Thumb Code     0  startup_stm32f10x_hd.o(.text)
    I2C1_EV_IRQHandler                       0x0800015f   Thumb Code     0  startup_stm32f10x_hd.o(.text)
    I2C2_ER_IRQHandler                       0x0800015f   Thumb Code     0  startup_stm32f10x_hd.o(.text)
    I2C2_EV_IRQHandler                       0x0800015f   Thumb Code     0  startup_stm32f10x_hd.o(.text)
    PVD_IRQHandler                           0x0800015f   Thumb Code     0  startup_stm32f10x_hd.o(.text)
    RCC_IRQHandler                           0x0800015f   Thumb Code     0  startup_stm32f10x_hd.o(.text)
    RTCAlarm_IRQHandler                      0x0800015f   Thumb Code     0  startup_stm32f10x_hd.o(.text)
    RTC_IRQHandler                           0x0800015f   Thumb Code     0  startup_stm32f10x_hd.o(.text)
    SDIO_IRQHandler                          0x0800015f   Thumb Code     0  startup_stm32f10x_hd.o(.text)
    SPI1_IRQHandler                          0x0800015f   Thumb Code     0  startup_stm32f10x_hd.o(.text)
    SPI2_IRQHandler                          0x0800015f   Thumb Code     0  startup_stm32f10x_hd.o(.text)
    SPI3_IRQHandler                          0x0800015f   Thumb Code     0  startup_stm32f10x_hd.o(.text)
    TAMPER_IRQHandler                        0x0800015f   Thumb Code     0  startup_stm32f10x_hd.o(.text)
    TIM1_BRK_IRQHandler                      0x0800015f   Thumb Code     0  startup_stm32f10x_hd.o(.text)
    TIM1_CC_IRQHandler                       0x0800015f   Thumb Code     0  startup_stm32f10x_hd.o(.text)
    TIM1_TRG_COM_IRQHandler                  0x0800015f   Thumb Code     0  startup_stm32f10x_hd.o(.text)
    TIM1_UP_IRQHandler                       0x0800015f   Thumb Code     0  startup_stm32f10x_hd.o(.text)
    TIM2_IRQHandler                          0x0800015f   Thumb Code     0  startup_stm32f10x_hd.o(.text)
    TIM3_IRQHandler                          0x0800015f   Thumb Code     0  startup_stm32f10x_hd.o(.text)
    TIM4_IRQHandler                          0x0800015f   Thumb Code     0  startup_stm32f10x_hd.o(.text)
    TIM5_IRQHandler                          0x0800015f   Thumb Code     0  startup_stm32f10x_hd.o(.text)
    TIM6_IRQHandler                          0x0800015f   Thumb Code     0  startup_stm32f10x_hd.o(.text)
    TIM7_IRQHandler                          0x0800015f   Thumb Code     0  startup_stm32f10x_hd.o(.text)
    TIM8_BRK_IRQHandler                      0x0800015f   Thumb Code     0  startup_stm32f10x_hd.o(.text)
    TIM8_CC_IRQHandler                       0x0800015f   Thumb Code     0  startup_stm32f10x_hd.o(.text)
    TIM8_TRG_COM_IRQHandler                  0x0800015f   Thumb Code     0  startup_stm32f10x_hd.o(.text)
    TIM8_UP_IRQHandler                       0x0800015f   Thumb Code     0  startup_stm32f10x_hd.o(.text)
    UART4_IRQHandler                         0x0800015f   Thumb Code     0  startup_stm32f10x_hd.o(.text)
    UART5_IRQHandler                         0x0800015f   Thumb Code     0  startup_stm32f10x_hd.o(.text)
    USART1_IRQHandler                        0x0800015f   Thumb Code     0  startup_stm32f10x_hd.o(.text)
    USART3_IRQHandler                        0x0800015f   Thumb Code     0  startup_stm32f10x_hd.o(.text)
    USBWakeUp_IRQHandler                     0x0800015f   Thumb Code     0  startup_stm32f10x_hd.o(.text)
    USB_HP_CAN1_TX_IRQHandler                0x0800015f   Thumb Code     0  startup_stm32f10x_hd.o(.text)
    USB_LP_CAN1_RX0_IRQHandler               0x0800015f   Thumb Code     0  startup_stm32f10x_hd.o(.text)
    WWDG_IRQHandler                          0x0800015f   Thumb Code     0  startup_stm32f10x_hd.o(.text)
    SystemInit                               0x08000247   Thumb Code    78  system_stm32f10x.o(.text)
    SystemCoreClockUpdate                    0x08000295   Thumb Code   142  system_stm32f10x.o(.text)
    NVIC_PriorityGroupConfig                 0x08000349   Thumb Code    10  misc.o(.text)
    NVIC_Init                                0x08000353   Thumb Code   100  misc.o(.text)
    NVIC_SetVectorTable                      0x080003b7   Thumb Code    14  misc.o(.text)
    NVIC_SystemLPConfig                      0x080003c5   Thumb Code    34  misc.o(.text)
    SysTick_CLKSourceConfig                  0x080003e7   Thumb Code    40  misc.o(.text)
    DMA_DeInit                               0x08000425   Thumb Code   324  stm32f10x_dma.o(.text)
    DMA_Init                                 0x08000569   Thumb Code    60  stm32f10x_dma.o(.text)
    DMA_StructInit                           0x080005a5   Thumb Code    26  stm32f10x_dma.o(.text)
    DMA_Cmd                                  0x080005bf   Thumb Code    24  stm32f10x_dma.o(.text)
    DMA_ITConfig                             0x080005d7   Thumb Code    18  stm32f10x_dma.o(.text)
    DMA_SetCurrDataCounter                   0x080005e9   Thumb Code     4  stm32f10x_dma.o(.text)
    DMA_GetCurrDataCounter                   0x080005ed   Thumb Code     8  stm32f10x_dma.o(.text)
    DMA_GetFlagStatus                        0x080005f5   Thumb Code    40  stm32f10x_dma.o(.text)
    DMA_ClearFlag                            0x0800061d   Thumb Code    22  stm32f10x_dma.o(.text)
    DMA_GetITStatus                          0x08000633   Thumb Code    40  stm32f10x_dma.o(.text)
    DMA_ClearITPendingBit                    0x0800065b   Thumb Code    22  stm32f10x_dma.o(.text)
    GPIO_DeInit                              0x08000679   Thumb Code   172  stm32f10x_gpio.o(.text)
    GPIO_AFIODeInit                          0x08000725   Thumb Code    20  stm32f10x_gpio.o(.text)
    GPIO_Init                                0x08000739   Thumb Code   278  stm32f10x_gpio.o(.text)
    GPIO_StructInit                          0x0800084f   Thumb Code    16  stm32f10x_gpio.o(.text)
    GPIO_ReadInputDataBit                    0x0800085f   Thumb Code    18  stm32f10x_gpio.o(.text)
    GPIO_ReadInputData                       0x08000871   Thumb Code     8  stm32f10x_gpio.o(.text)
    GPIO_ReadOutputDataBit                   0x08000879   Thumb Code    18  stm32f10x_gpio.o(.text)
    GPIO_ReadOutputData                      0x0800088b   Thumb Code     8  stm32f10x_gpio.o(.text)
    GPIO_SetBits                             0x08000893   Thumb Code     4  stm32f10x_gpio.o(.text)
    GPIO_ResetBits                           0x08000897   Thumb Code     4  stm32f10x_gpio.o(.text)
    GPIO_WriteBit                            0x0800089b   Thumb Code    10  stm32f10x_gpio.o(.text)
    GPIO_Write                               0x080008a5   Thumb Code     4  stm32f10x_gpio.o(.text)
    GPIO_PinLockConfig                       0x080008a9   Thumb Code    18  stm32f10x_gpio.o(.text)
    GPIO_EventOutputConfig                   0x080008bb   Thumb Code    26  stm32f10x_gpio.o(.text)
    GPIO_EventOutputCmd                      0x080008d5   Thumb Code     6  stm32f10x_gpio.o(.text)
    GPIO_PinRemapConfig                      0x080008db   Thumb Code   138  stm32f10x_gpio.o(.text)
    GPIO_EXTILineConfig                      0x08000965   Thumb Code    66  stm32f10x_gpio.o(.text)
    GPIO_ETH_MediaInterfaceConfig            0x080009a7   Thumb Code     8  stm32f10x_gpio.o(.text)
    RCC_DeInit                               0x080009d5   Thumb Code    64  stm32f10x_rcc.o(.text)
    RCC_HSEConfig                            0x08000a15   Thumb Code    70  stm32f10x_rcc.o(.text)
    RCC_GetFlagStatus                        0x08000a5b   Thumb Code    56  stm32f10x_rcc.o(.text)
    RCC_WaitForHSEStartUp                    0x08000a93   Thumb Code    56  stm32f10x_rcc.o(.text)
    RCC_AdjustHSICalibrationValue            0x08000acb   Thumb Code    20  stm32f10x_rcc.o(.text)
    RCC_HSICmd                               0x08000adf   Thumb Code     6  stm32f10x_rcc.o(.text)
    RCC_PLLConfig                            0x08000ae5   Thumb Code    24  stm32f10x_rcc.o(.text)
    RCC_PLLCmd                               0x08000afd   Thumb Code     6  stm32f10x_rcc.o(.text)
    RCC_SYSCLKConfig                         0x08000b03   Thumb Code    18  stm32f10x_rcc.o(.text)
    RCC_GetSYSCLKSource                      0x08000b15   Thumb Code    10  stm32f10x_rcc.o(.text)
    RCC_HCLKConfig                           0x08000b1f   Thumb Code    18  stm32f10x_rcc.o(.text)
    RCC_PCLK1Config                          0x08000b31   Thumb Code    18  stm32f10x_rcc.o(.text)
    RCC_PCLK2Config                          0x08000b43   Thumb Code    20  stm32f10x_rcc.o(.text)
    RCC_ITConfig                             0x08000b57   Thumb Code    26  stm32f10x_rcc.o(.text)
    RCC_USBCLKConfig                         0x08000b71   Thumb Code     8  stm32f10x_rcc.o(.text)
    RCC_ADCCLKConfig                         0x08000b79   Thumb Code    18  stm32f10x_rcc.o(.text)
    RCC_LSEConfig                            0x08000b8b   Thumb Code    50  stm32f10x_rcc.o(.text)
    RCC_LSICmd                               0x08000bbd   Thumb Code     6  stm32f10x_rcc.o(.text)
    RCC_RTCCLKConfig                         0x08000bc3   Thumb Code    12  stm32f10x_rcc.o(.text)
    RCC_RTCCLKCmd                            0x08000bcf   Thumb Code     8  stm32f10x_rcc.o(.text)
    RCC_GetClocksFreq                        0x08000bd7   Thumb Code   192  stm32f10x_rcc.o(.text)
    RCC_AHBPeriphClockCmd                    0x08000c97   Thumb Code    26  stm32f10x_rcc.o(.text)
    RCC_APB2PeriphClockCmd                   0x08000cb1   Thumb Code    26  stm32f10x_rcc.o(.text)
    RCC_APB1PeriphClockCmd                   0x08000ccb   Thumb Code    26  stm32f10x_rcc.o(.text)
    RCC_APB2PeriphResetCmd                   0x08000ce5   Thumb Code    26  stm32f10x_rcc.o(.text)
    RCC_APB1PeriphResetCmd                   0x08000cff   Thumb Code    26  stm32f10x_rcc.o(.text)
    RCC_BackupResetCmd                       0x08000d19   Thumb Code     8  stm32f10x_rcc.o(.text)
    RCC_ClockSecuritySystemCmd               0x08000d21   Thumb Code     6  stm32f10x_rcc.o(.text)
    RCC_MCOConfig                            0x08000d27   Thumb Code     6  stm32f10x_rcc.o(.text)
    RCC_ClearFlag                            0x08000d2d   Thumb Code    14  stm32f10x_rcc.o(.text)
    RCC_GetITStatus                          0x08000d3b   Thumb Code    20  stm32f10x_rcc.o(.text)
    RCC_ClearITPendingBit                    0x08000d4f   Thumb Code     6  stm32f10x_rcc.o(.text)
    USART_DeInit                             0x08000d79   Thumb Code   134  stm32f10x_usart.o(.text)
    USART_Init                               0x08000dff   Thumb Code   210  stm32f10x_usart.o(.text)
    USART_StructInit                         0x08000ed1   Thumb Code    24  stm32f10x_usart.o(.text)
    USART_ClockInit                          0x08000ee9   Thumb Code    34  stm32f10x_usart.o(.text)
    USART_ClockStructInit                    0x08000f0b   Thumb Code    12  stm32f10x_usart.o(.text)
    USART_Cmd                                0x08000f17   Thumb Code    24  stm32f10x_usart.o(.text)
    USART_ITConfig                           0x08000f2f   Thumb Code    74  stm32f10x_usart.o(.text)
    USART_DMACmd                             0x08000f79   Thumb Code    18  stm32f10x_usart.o(.text)
    USART_SetAddress                         0x08000f8b   Thumb Code    18  stm32f10x_usart.o(.text)
    USART_WakeUpConfig                       0x08000f9d   Thumb Code    18  stm32f10x_usart.o(.text)
    USART_ReceiverWakeUpCmd                  0x08000faf   Thumb Code    24  stm32f10x_usart.o(.text)
    USART_LINBreakDetectLengthConfig         0x08000fc7   Thumb Code    18  stm32f10x_usart.o(.text)
    USART_LINCmd                             0x08000fd9   Thumb Code    24  stm32f10x_usart.o(.text)
    USART_SendData                           0x08000ff1   Thumb Code     8  stm32f10x_usart.o(.text)
    USART_ReceiveData                        0x08000ff9   Thumb Code    10  stm32f10x_usart.o(.text)
    USART_SendBreak                          0x08001003   Thumb Code    10  stm32f10x_usart.o(.text)
    USART_SetGuardTime                       0x0800100d   Thumb Code    16  stm32f10x_usart.o(.text)
    USART_SetPrescaler                       0x0800101d   Thumb Code    16  stm32f10x_usart.o(.text)
    USART_SmartCardCmd                       0x0800102d   Thumb Code    24  stm32f10x_usart.o(.text)
    USART_SmartCardNACKCmd                   0x08001045   Thumb Code    24  stm32f10x_usart.o(.text)
    USART_HalfDuplexCmd                      0x0800105d   Thumb Code    24  stm32f10x_usart.o(.text)
    USART_OverSampling8Cmd                   0x08001075   Thumb Code    22  stm32f10x_usart.o(.text)
    USART_OneBitMethodCmd                    0x0800108b   Thumb Code    24  stm32f10x_usart.o(.text)
    USART_IrDAConfig                         0x080010a3   Thumb Code    18  stm32f10x_usart.o(.text)
    USART_IrDACmd                            0x080010b5   Thumb Code    24  stm32f10x_usart.o(.text)
    USART_GetFlagStatus                      0x080010cd   Thumb Code    26  stm32f10x_usart.o(.text)
    USART_ClearFlag                          0x080010e7   Thumb Code    18  stm32f10x_usart.o(.text)
    USART_GetITStatus                        0x080010f9   Thumb Code    84  stm32f10x_usart.o(.text)
    USART_ClearITPendingBit                  0x0800114d   Thumb Code    52  stm32f10x_usart.o(.text)
    $Super$$main                             0x08001259   Thumb Code   184  main.o(.text)
    rt_heap_begin_get                        0x080014b9   Thumb Code     4  board.o(.text)
    rt_heap_end_get                          0x080014bd   Thumb Code     4  board.o(.text)
    rt_hw_board_init                         0x080014c1   Thumb Code   126  board.o(.text)
    SysTick_Handler                          0x0800153f   Thumb Code    16  board.o(.text)
    rt_hw_console_output                     0x0800154f   Thumb Code    74  board.o(.text)
    LED_GPIO_Config                          0x080015b1   Thumb Code    90  bsp_led.o(.text)
    USART_Config                             0x08001611   Thumb Code   120  bsp_usart.o(.text)
    Usart_SendByte                           0x08001689   Thumb Code    30  bsp_usart.o(.text)
    Usart_SendArray                          0x080016a7   Thumb Code    48  bsp_usart.o(.text)
    Usart_SendString                         0x080016d7   Thumb Code    42  bsp_usart.o(.text)
    Usart_SendHalfWord                       0x08001701   Thumb Code    60  bsp_usart.o(.text)
    fputc                                    0x0800173d   Thumb Code    32  bsp_usart.o(.text)
    fgetc                                    0x0800175d   Thumb Code    26  bsp_usart.o(.text)
    Key_GPIO_Config                          0x08001781   Thumb Code    52  bsp_key.o(.text)
    Key_Scan                                 0x080017b5   Thumb Code    38  bsp_key.o(.text)
    USART2_Config                            0x08001809   Thumb Code   142  bsp_usart2.o(.text)
    USART2_DMA_Config                        0x08001897   Thumb Code    98  bsp_usart2.o(.text)
    Uart2_DMA_Rx_Data                        0x080018f9   Thumb Code    46  bsp_usart2.o(.text)
    USART2_IRQHandler                        0x08001927   Thumb Code    26  bsp_usart2.o(.text)
    Usart2_SendByte                          0x08001941   Thumb Code    30  bsp_usart2.o(.text)
    Usart2_SendArray                         0x0800195f   Thumb Code    48  bsp_usart2.o(.text)
    Usart2_SendString                        0x0800198f   Thumb Code    42  bsp_usart2.o(.text)
    Usart2_SendHalfWord                      0x080019b9   Thumb Code    60  bsp_usart2.o(.text)
    rt_system_tick_init                      0x08001a09   Thumb Code     2  clock.o(.text)
    rt_tick_get                              0x08001a0b   Thumb Code     6  clock.o(.text)
    rt_tick_set                              0x08001a11   Thumb Code    22  clock.o(.text)
    rt_tick_increase                         0x08001a27   Thumb Code    42  clock.o(.text)
    rt_tick_from_millisecond                 0x08001a51   Thumb Code    32  clock.o(.text)
    rt_components_board_init                 0x08001a85   Thumb Code    20  components.o(.text)
    rt_components_init                       0x08001a99   Thumb Code    20  components.o(.text)
    main_thread_entry                        0x08001aad   Thumb Code    14  components.o(.text)
    rt_application_init                      0x08001abb   Thumb Code    34  components.o(.text)
    rtthread_startup                         0x08001add   Thumb Code    42  components.o(.text)
    main                                     0x08001b07   Thumb Code    14  components.o(.text)
    rt_thread_idle_excute                    0x08001b29   Thumb Code   128  idle.o(.text)
    rt_thread_idle_init                      0x08001bb1   Thumb Code    38  idle.o(.text)
    rt_thread_idle_gethandler                0x08001bd7   Thumb Code     4  idle.o(.text)
    rt_sem_init                              0x08001cb1   Thumb Code    38  ipc.o(.text)
    rt_sem_detach                            0x08001cd7   Thumb Code    22  ipc.o(.text)
    rt_sem_create                            0x08001ced   Thumb Code    42  ipc.o(.text)
    rt_sem_delete                            0x08001d17   Thumb Code    22  ipc.o(.text)
    rt_sem_take                              0x08001d2d   Thumb Code   116  ipc.o(.text)
    rt_sem_trytake                           0x08001da1   Thumb Code    14  ipc.o(.text)
    rt_sem_release                           0x08001daf   Thumb Code    58  ipc.o(.text)
    rt_sem_control                           0x08001de9   Thumb Code    54  ipc.o(.text)
    rt_mb_init                               0x08001e1f   Thumb Code    62  ipc.o(.text)
    rt_mb_detach                             0x08001e5d   Thumb Code    30  ipc.o(.text)
    rt_mb_create                             0x08001e7b   Thumb Code    82  ipc.o(.text)
    rt_mb_delete                             0x08001ecd   Thumb Code    36  ipc.o(.text)
    rt_mb_send_wait                          0x08001ef1   Thumb Code   246  ipc.o(.text)
    rt_mb_send                               0x08001fe7   Thumb Code    18  ipc.o(.text)
    rt_mb_recv                               0x08001ff9   Thumb Code   244  ipc.o(.text)
    rt_mb_control                            0x080020ed   Thumb Code    66  ipc.o(.text)
    rt_interrupt_enter                       0x08002169   Thumb Code    26  irq.o(.text)
    rt_interrupt_leave                       0x08002183   Thumb Code    26  irq.o(.text)
    rt_interrupt_get_nest                    0x0800219d   Thumb Code     6  irq.o(.text)
    rt_get_errno                             0x080021a9   Thumb Code    32  kservice.o(.text)
    rt_set_errno                             0x080021c9   Thumb Code    36  kservice.o(.text)
    _rt_errno                                0x080021ed   Thumb Code    30  kservice.o(.text)
    rt_memset                                0x0800220b   Thumb Code    72  kservice.o(.text)
    rt_memcpy                                0x08002253   Thumb Code   124  kservice.o(.text)
    rt_memmove                               0x080022cf   Thumb Code    66  kservice.o(.text)
    rt_memcmp                                0x08002311   Thumb Code    38  kservice.o(.text)
    rt_strlen                                0x08002337   Thumb Code    18  kservice.o(.text)
    rt_strstr                                0x08002349   Thumb Code    58  kservice.o(.text)
    rt_strcasecmp                            0x08002383   Thumb Code    48  kservice.o(.text)
    rt_strncpy                               0x080023b3   Thumb Code    52  kservice.o(.text)
    rt_strncmp                               0x080023e7   Thumb Code    40  kservice.o(.text)
    rt_strcmp                                0x0800240f   Thumb Code    28  kservice.o(.text)
    rt_strnlen                               0x0800242b   Thumb Code    24  kservice.o(.text)
    rt_strdup                                0x08002443   Thumb Code    40  kservice.o(.text)
    rt_vsnprintf                             0x08002623   Thumb Code   800  kservice.o(.text)
    rt_kprintf                               0x08002943   Thumb Code    44  kservice.o(.text)
    rt_show_version                          0x0800296f   Thumb Code    38  kservice.o(.text)
    rt_snprintf                              0x08002995   Thumb Code    38  kservice.o(.text)
    rt_vsprintf                              0x080029bb   Thumb Code    22  kservice.o(.text)
    rt_sprintf                               0x080029d1   Thumb Code    34  kservice.o(.text)
    rt_kputs                                 0x080029f3   Thumb Code    18  kservice.o(.text)
    rt_malloc_align                          0x08002a05   Thumb Code    66  kservice.o(.text)
    rt_free_align                            0x08002a47   Thumb Code    16  kservice.o(.text)
    __rt_ffs                                 0x08002a57   Thumb Code    70  kservice.o(.text)
    rt_system_heap_init                      0x08002ba1   Thumb Code   160  mem.o(.text)
    rt_malloc                                0x08002c41   Thumb Code   336  mem.o(.text)
    rt_free                                  0x08002d91   Thumb Code   128  mem.o(.text)
    rt_realloc                               0x08002e11   Thumb Code   448  mem.o(.text)
    rt_calloc                                0x08002fd1   Thumb Code    34  mem.o(.text)
    rt_memory_info                           0x08002ff3   Thumb Code    26  mem.o(.text)
    rt_system_object_init                    0x08003039   Thumb Code     2  object.o(.text)
    rt_object_get_information                0x0800303b   Thumb Code    36  object.o(.text)
    rt_object_init                           0x0800305f   Thumb Code    60  object.o(.text)
    rt_object_detach                         0x0800309b   Thumb Code    26  object.o(.text)
    rt_object_allocate                       0x080030b5   Thumb Code    74  object.o(.text)
    rt_object_delete                         0x080030ff   Thumb Code    32  object.o(.text)
    rt_object_is_systemobject                0x0800311f   Thumb Code    18  object.o(.text)
    rt_object_find                           0x08003131   Thumb Code    86  object.o(.text)
    rt_system_scheduler_init                 0x0800318d   Thumb Code    52  scheduler.o(.text)
    rt_system_scheduler_start                0x080031c1   Thumb Code    36  scheduler.o(.text)
    rt_schedule                              0x080031e5   Thumb Code   118  scheduler.o(.text)
    rt_schedule_insert_thread                0x0800325b   Thumb Code    72  scheduler.o(.text)
    rt_schedule_remove_thread                0x080032a3   Thumb Code    76  scheduler.o(.text)
    rt_enter_critical                        0x080032ef   Thumb Code    28  scheduler.o(.text)
    rt_exit_critical                         0x0800330b   Thumb Code    54  scheduler.o(.text)
    rt_critical_level                        0x08003341   Thumb Code     8  scheduler.o(.text)
    rt_thread_exit                           0x0800338d   Thumb Code    76  thread.o(.text)
    rt_thread_timeout                        0x080033d9   Thumb Code    32  thread.o(.text)
    rt_thread_init                           0x08003479   Thumb Code    52  thread.o(.text)
    rt_thread_self                           0x080034ad   Thumb Code     6  thread.o(.text)
    rt_thread_resume                         0x080034b3   Thumb Code    60  thread.o(.text)
    rt_thread_startup                        0x080034ef   Thumb Code    44  thread.o(.text)
    rt_thread_detach                         0x0800351b   Thumb Code    70  thread.o(.text)
    rt_thread_create                         0x08003561   Thumb Code    80  thread.o(.text)
    rt_thread_delete                         0x080035b1   Thumb Code    60  thread.o(.text)
    rt_thread_yield                          0x080035ed   Thumb Code    92  thread.o(.text)
    rt_thread_suspend                        0x08003649   Thumb Code    68  thread.o(.text)
    rt_thread_sleep                          0x0800368d   Thumb Code    62  thread.o(.text)
    rt_thread_delay                          0x080036cb   Thumb Code    12  thread.o(.text)
    rt_thread_control                        0x080036d7   Thumb Code   118  thread.o(.text)
    rt_thread_find                           0x0800374d   Thumb Code    94  thread.o(.text)
    rt_timer_init                            0x08003847   Thumb Code    46  timer.o(.text)
    rt_timer_detach                          0x08003875   Thumb Code    32  timer.o(.text)
    rt_timer_create                          0x08003895   Thumb Code    54  timer.o(.text)
    rt_timer_delete                          0x080038cb   Thumb Code    32  timer.o(.text)
    rt_timer_start                           0x080038eb   Thumb Code   238  timer.o(.text)
    rt_timer_stop                            0x080039d9   Thumb Code    48  timer.o(.text)
    rt_timer_control                         0x08003a09   Thumb Code    56  timer.o(.text)
    rt_timer_check                           0x08003a41   Thumb Code   118  timer.o(.text)
    rt_timer_next_timeout_tick               0x08003ab7   Thumb Code    10  timer.o(.text)
    rt_system_timer_init                     0x08003ac1   Thumb Code    24  timer.o(.text)
    rt_system_timer_thread_init              0x08003ad9   Thumb Code     2  timer.o(.text)
    rt_hw_interrupt_disable                  0x08003af9   Thumb Code     8  context_rvds.o(.text)
    rt_hw_interrupt_enable                   0x08003b01   Thumb Code     6  context_rvds.o(.text)
    rt_hw_context_switch                     0x08003b07   Thumb Code    32  context_rvds.o(.text)
    rt_hw_context_switch_interrupt           0x08003b07   Thumb Code     0  context_rvds.o(.text)
    PendSV_Handler                           0x08003b27   Thumb Code    60  context_rvds.o(.text)
    rt_hw_context_switch_to                  0x08003b63   Thumb Code    58  context_rvds.o(.text)
    rt_hw_interrupt_thread_switch            0x08003b9d   Thumb Code     2  context_rvds.o(.text)
    HardFault_Handler                        0x08003b9f   Thumb Code    48  context_rvds.o(.text)
    rt_hw_stack_init                         0x08003be9   Thumb Code    70  cpuport.o(.text)
    rt_hw_exception_install                  0x08003c2f   Thumb Code     6  cpuport.o(.text)
    rt_hw_hard_fault_exception               0x08003c35   Thumb Code   190  cpuport.o(.text)
    rt_hw_cpu_shutdown                       0x08003cf3   Thumb Code    10  cpuport.o(.text)
    __aeabi_memset                           0x08003e51   Thumb Code    14  memseta.o(.text)
    __aeabi_memset4                          0x08003e51   Thumb Code     0  memseta.o(.text)
    __aeabi_memset8                          0x08003e51   Thumb Code     0  memseta.o(.text)
    __aeabi_memclr                           0x08003e5f   Thumb Code     4  memseta.o(.text)
    __aeabi_memclr4                          0x08003e5f   Thumb Code     0  memseta.o(.text)
    __aeabi_memclr8                          0x08003e5f   Thumb Code     0  memseta.o(.text)
    _memset$wrapper                          0x08003e63   Thumb Code    18  memseta.o(.text)
    __scatterload                            0x08003e75   Thumb Code    28  init.o(.text)
    __scatterload_rt2                        0x08003e75   Thumb Code     0  init.o(.text)
    __scatterload_copy                       0x08003e99   Thumb Code    14  handlers.o(i.__scatterload_copy)
    __scatterload_null                       0x08003ea7   Thumb Code     2  handlers.o(i.__scatterload_null)
    __scatterload_zeroinit                   0x08003ea9   Thumb Code    14  handlers.o(i.__scatterload_zeroinit)
    __lowest_bit_bitmap                      0x08003eb6   Data         256  kservice.o(.constdata)
    __rt_init_rti_start                      0x08003fd8   Data           4  components.o(.rti_fn.0)
    __rt_init_rti_board_start                0x08003fdc   Data           4  components.o(.rti_fn.0.end)
    __rt_init_rti_board_end                  0x08003fe0   Data           4  components.o(.rti_fn.1.end)
    __rt_init_rti_end                        0x08003fe4   Data           4  components.o(.rti_fn.6.end)
    Region$$Table$$Base                      0x08003fe8   Number         0  anon$$obj.o(Region$$Table)
    Region$$Table$$Limit                     0x08004008   Number         0  anon$$obj.o(Region$$Table)
    SystemCoreClock                          0x20000000   Data           4  system_stm32f10x.o(.data)
    AHBPrescTable                            0x20000004   Data          16  system_stm32f10x.o(.data)
    test_sem2                                0x20000034   Data           4  main.o(.data)
    rt_interrupt_nest                        0x2000003c   Data           1  irq.o(.data)
    rt_current_thread                        0x200000a0   Data           4  scheduler.o(.data)
    rt_current_priority                      0x200000a4   Data           1  scheduler.o(.data)
    rt_thread_ready_priority_group           0x200000a8   Data           4  scheduler.o(.data)
    rt_thread_defunct                        0x200000ac   Data           8  scheduler.o(.data)
    rt_interrupt_from_thread                 0x200000c0   Data           4  cpuport.o(.data)
    rt_interrupt_to_thread                   0x200000c4   Data           4  cpuport.o(.data)
    rt_thread_switch_interrupt_flag          0x200000c8   Data           4  cpuport.o(.data)
    Usart2_Rx_Buf                            0x200010d0   Data        1000  bsp_usart2.o(.bss)
    rt_thread_priority_table                 0x200016d0   Data          64  scheduler.o(.bss)
    __initial_sp                             0x20001b10   Data           0  startup_stm32f10x_hd.o(STACK)



==============================================================================

Memory Map of the image

  Image Entry point : 0x08000131

  Load Region LR_IROM1 (Base: 0x08000000, Size: 0x000040d8, Max: 0x00080000, ABSOLUTE)

    Execution Region ER_IROM1 (Base: 0x08000000, Size: 0x00004008, Max: 0x00080000, ABSOLUTE)

    Base Addr    Size         Type   Attr      Idx    E Section Name        Object

    0x08000000   0x00000130   Data   RO            3    RESET               startup_stm32f10x_hd.o
    0x08000130   0x00000000   Code   RO          814  * .ARM.Collect$$$$00000000  mc_w.l(entry.o)
    0x08000130   0x00000004   Code   RO          819    .ARM.Collect$$$$00000001  mc_w.l(entry2.o)
    0x08000134   0x00000004   Code   RO          822    .ARM.Collect$$$$00000004  mc_w.l(entry5.o)
    0x08000138   0x00000000   Code   RO          824    .ARM.Collect$$$$00000008  mc_w.l(entry7b.o)
    0x08000138   0x00000000   Code   RO          826    .ARM.Collect$$$$0000000A  mc_w.l(entry8b.o)
    0x08000138   0x00000008   Code   RO          827    .ARM.Collect$$$$0000000B  mc_w.l(entry9a.o)
    0x08000140   0x00000000   Code   RO          829    .ARM.Collect$$$$0000000D  mc_w.l(entry10a.o)
    0x08000140   0x00000000   Code   RO          831    .ARM.Collect$$$$0000000F  mc_w.l(entry11a.o)
    0x08000140   0x00000004   Code   RO          820    .ARM.Collect$$$$00002712  mc_w.l(entry2.o)
    0x08000144   0x00000024   Code   RO            4    .text               startup_stm32f10x_hd.o
    0x08000168   0x000001e0   Code   RO           24    .text               system_stm32f10x.o
    0x08000348   0x000000dc   Code   RO           91    .text               misc.o
    0x08000424   0x00000254   Code   RO          209    .text               stm32f10x_dma.o
    0x08000678   0x0000035c   Code   RO          263    .text               stm32f10x_gpio.o
    0x080009d4   0x000003a4   Code   RO          314    .text               stm32f10x_rcc.o
    0x08000d78   0x00000408   Code   RO          379    .text               stm32f10x_usart.o
    0x08001180   0x00000338   Code   RO          403    .text               main.o
    0x080014b8   0x000000f8   Code   RO          501    .text               board.o
    0x080015b0   0x00000060   Code   RO          522    .text               bsp_led.o
    0x08001610   0x00000170   Code   RO          534    .text               bsp_usart.o
    0x08001780   0x00000060   Code   RO          546    .text               bsp_key.o
    0x080017e0   0x00000228   Code   RO          558    .text               bsp_usart2.o
    0x08001a08   0x0000006c   Code   RO          574    .text               clock.o
    0x08001a74   0x000000b4   Code   RO          594    .text               components.o
    0x08001b28   0x000000dc   Code   RO          618    .text               idle.o
    0x08001c04   0x00000564   Code   RO          636    .text               ipc.o
    0x08002168   0x00000040   Code   RO          651    .text               irq.o
    0x080021a8   0x0000098c   Code   RO          666    .text               kservice.o
    0x08002b34   0x000004e4   Code   RO          683    .text               mem.o
    0x08003018   0x00000174   Code   RO          710    .text               object.o
    0x0800318c   0x000001e0   Code   RO          727    .text               scheduler.o
    0x0800336c   0x0000043e   Code   RO          762    .text               thread.o
    0x080037aa   0x00000002   PAD
    0x080037ac   0x0000034c   Code   RO          778    .text               timer.o
    0x08003af8   0x000000f0   Code   RO          795    .text               context_rvds.o
    0x08003be8   0x00000268   Code   RO          799    .text               cpuport.o
    0x08003e50   0x00000024   Code   RO          817    .text               mc_w.l(memseta.o)
    0x08003e74   0x00000024   Code   RO          833    .text               mc_w.l(init.o)
    0x08003e98   0x0000000e   Code   RO          837    i.__scatterload_copy  mc_w.l(handlers.o)
    0x08003ea6   0x00000002   Code   RO          838    i.__scatterload_null  mc_w.l(handlers.o)
    0x08003ea8   0x0000000e   Code   RO          839    i.__scatterload_zeroinit  mc_w.l(handlers.o)
    0x08003eb6   0x00000122   Data   RO          668    .constdata          kservice.o
    0x08003fd8   0x00000004   Data   RO          595    .rti_fn.0           components.o
    0x08003fdc   0x00000004   Data   RO          596    .rti_fn.0.end       components.o
    0x08003fe0   0x00000004   Data   RO          597    .rti_fn.1.end       components.o
    0x08003fe4   0x00000004   Data   RO          598    .rti_fn.6.end       components.o
    0x08003fe8   0x00000020   Data   RO          835    Region$$Table       anon$$obj.o


    Execution Region RW_IRAM1 (Base: 0x20000000, Size: 0x00001b10, Max: 0x00010000, ABSOLUTE)

    Base Addr    Size         Type   Attr      Idx    E Section Name        Object

    0x20000000   0x00000014   Data   RW           25    .data               system_stm32f10x.o
    0x20000014   0x00000014   Data   RW          315    .data               stm32f10x_rcc.o
    0x20000028   0x00000010   Data   RW          404    .data               main.o
    0x20000038   0x00000004   Data   RW          575    .data               clock.o
    0x2000003c   0x00000001   Data   RW          652    .data               irq.o
    0x2000003d   0x00000003   PAD
    0x20000040   0x00000004   Data   RW          669    .data               kservice.o
    0x20000044   0x00000018   Data   RW          685    .data               mem.o
    0x2000005c   0x00000040   Data   RW          711    .data               object.o
    0x2000009c   0x00000018   Data   RW          729    .data               scheduler.o
    0x200000b4   0x0000000c   Data   RW          779    .data               timer.o
    0x200000c0   0x00000010   Data   RW          800    .data               cpuport.o
    0x200000d0   0x00001000   Zero   RW          502    .bss                board.o
    0x200010d0   0x000003e8   Zero   RW          559    .bss                bsp_usart2.o
    0x200014b8   0x00000178   Zero   RW          619    .bss                idle.o
    0x20001630   0x00000080   Zero   RW          667    .bss                kservice.o
    0x200016b0   0x00000020   Zero   RW          684    .bss                mem.o
    0x200016d0   0x00000040   Zero   RW          728    .bss                scheduler.o
    0x20001710   0x00000400   Zero   RW            1    STACK               startup_stm32f10x_hd.o


==============================================================================

Image component sizes


      Code (inc. data)   RO Data    RW Data    ZI Data      Debug   Object Name

       248         24          0          0       4096      17137   board.o
        96          6          0          0          0       1167   bsp_key.o
        96          6          0          0          0        570   bsp_led.o
       368         10          0          0          0       2602   bsp_usart.o
       552         20          0          0       1000       3265   bsp_usart2.o
       108          4          0          4          0       1516   clock.o
       180         20         16          0          0       2670   components.o
       240         26          0          0          0        812   context_rvds.o
         0          0          0          0          0       4500   core_cm3.o
       616        340          0         16          0       3303   cpuport.o
       220         26          0          0        376       4358   idle.o
      1380          0          0          0          0       9791   ipc.o
        64          6          0          1          0       1530   irq.o
      2444        164        290          4        128      11148   kservice.o
       824        424          0         16          0       8251   main.o
      1252        186          0         24         32       4116   mem.o
       220         22          0          0          0       1885   misc.o
       372          6          0         64          0       6071   object.o
       480         30          0         24         64       5700   scheduler.o
        36          8        304          0       1024        888   startup_stm32f10x_hd.o
       596          8          0          0          0       4450   stm32f10x_dma.o
       860         38          0          0          0       5813   stm32f10x_gpio.o
       932         36          0         20          0       9028   stm32f10x_rcc.o
      1032         22          0          0          0       8544   stm32f10x_usart.o
       480         38          0         20          0     240075   system_stm32f10x.o
      1086         12          0          0          0       8745   thread.o
       844          8          0         12          0       7721   timer.o

    ----------------------------------------------------------------------
     15628       1490        642        208       6720     375656   Object Totals
         0          0         32          0          0          0   (incl. Generated)
         2          0          0          3          0          0   (incl. Padding)

    ----------------------------------------------------------------------

      Code (inc. data)   RO Data    RW Data    ZI Data      Debug   Library Member Name

         0          0          0          0          0          0   entry.o
         0          0          0          0          0          0   entry10a.o
         0          0          0          0          0          0   entry11a.o
         8          4          0          0          0          0   entry2.o
         4          0          0          0          0          0   entry5.o
         0          0          0          0          0          0   entry7b.o
         0          0          0          0          0          0   entry8b.o
         8          4          0          0          0          0   entry9a.o
        30          0          0          0          0          0   handlers.o
        36          8          0          0          0         68   init.o
        36          0          0          0          0        108   memseta.o

    ----------------------------------------------------------------------
       122         16          0          0          0        176   Library Totals
         0          0          0          0          0          0   (incl. Padding)

    ----------------------------------------------------------------------

      Code (inc. data)   RO Data    RW Data    ZI Data      Debug   Library Name

       122         16          0          0          0        176   mc_w.l

    ----------------------------------------------------------------------
       122         16          0          0          0        176   Library Totals

    ----------------------------------------------------------------------

==============================================================================


      Code (inc. data)   RO Data    RW Data    ZI Data      Debug   

     15750       1506        642        208       6720     373800   Grand Totals
     15750       1506        642        208       6720     373800   ELF Image Totals
     15750       1506        642        208          0          0   ROM Totals

==============================================================================

    Total RO  Size (Code + RO Data)                16392 (  16.01kB)
    Total RW  Size (RW Data + ZI Data)              6928 (   6.77kB)
    Total ROM Size (Code + RO Data + RW Data)      16600 (  16.21kB)

==============================================================================

